******************************************************************************
                  TI ARM Linker PC v5.0.4                      
******************************************************************************
>> Linked Sun May 26 21:27:27 2013

OUTPUT FILE NAME:   <Grocery.out>
ENTRY POINT SYMBOL: "_c_int00"  address: 00004a95


MEMORY CONFIGURATION

         name            origin    length      used     unused   attr    fill
----------------------  --------  ---------  --------  --------  ----  --------
  FLASH                 00000000   00040000  00006e91  0003916f  R  X
  SRAM                  20000000   00008000  00002bcf  00005431  RW X


SEGMENT ALLOCATION MAP

run origin  load origin   length   init length attrs members
----------  ----------- ---------- ----------- ----- -------
00000000    00000000    00006e98   00006e98    r-x
  00000000    00000000    00000360   00000360    r-- .resetVecs
  00000360    00000360    00005cac   00005cac    r-x .text
  0000600c    0000600c    0000099d   0000099d    r-- .const
  000069b0    000069b0    000004e8   000004e8    r-- .cinit
20000000    20000000    00001dd8   00000000    rw-
  20000000    20000000    00000360   00000000    rw- .vecs
  20000360    20000360    00001a78   00000000    rw- .bss
20001dd8    20001dd8    00000df8   000009f7    rw-
  20001dd8    20001dd8    000009f7   000009f7    rw- .data
  200027d0    200027d0    00000400   00000000    rw- .stack


SECTION ALLOCATION MAP

 output                                  attributes/
section   page    origin      length       input sections
--------  ----  ----------  ----------   ----------------
.bootVecs 
*          0    00000000    00000008     DSECT
                  00000000    00000008     boot.aem4f : boot.oem4f (.bootVecs)

.resetVecs 
*          0    00000000    00000360     
                  00000000    00000360     app_pem4f.oem4f (.resetVecs)

xdc.meta   0    00000000    000000d9     COPY SECTION
                  00000000    000000d9     app_pem4f.oem4f (xdc.meta)

xdc.noload 
*          0    00000000    00001238     COPY SECTION
                  00000000    00001238     app_pem4f.oem4f (xdc.noload)

.init_array 
*          0    00000000    00000000     UNINITIALIZED

.text      0    00000360    00005cac     
                  00000360    00000534     Ps2Keyboard.obj (.text)
                  00000894    00000424     sysbios.aem4f : BIOS.obj (.text:ti_sysbios_family_arm_m3_Hwi_excDumpRegs__I)
                  00000cb8    0000041c     st7565.obj (.text)
                  000010d4    00000344     ti.targets.arm.rtsarm.aem4f : System.oem4f (.text:xdc_runtime_System_doPrint__I)
                  00001418    00000314     Graphics_Bmp.obj (.text)
                  0000172c    000002e4     rtsv7M4_T_le_v4SPD16_eabi.lib : trgdrv.obj (.text)
                  00001a10    00000250     main.obj (.text)
                  00001c60    00000238     sysbios.aem4f : BIOS.obj (.text:ti_sysbios_knl_Semaphore_pend__E)
                  00001e98    000001dc                   : BIOS.obj (.text:ti_sysbios_family_arm_m3_Hwi_excHandlerMax__I)
                  00002074    000001d8     driverlib-cm4f.lib : sysctl.obj (.text:SysCtlClockGet)
                  0000224c    000001a4     buttons.obj (.text)
                  000023f0    0000018c     sysbios.aem4f : BIOS.obj (.text:ti_sysbios_knl_Task_sleep__E)
                  0000257c    00000168                   : BIOS.obj (.text:ti_sysbios_family_arm_m3_Hwi_excBusFault__I)
                  000026e4    00000154                   : BIOS.obj (.text:ti_sysbios_family_arm_m3_Hwi_excUsageFault__I)
                  00002838    00000140                   : BIOS.obj (.text:ti_sysbios_family_arm_m3_Hwi_excMemFault__I)
                  00002978    0000013c     ti.targets.arm.rtsarm.aem4f : Error.oem4f (.text:xdc_runtime_Error_raiseX__F)
                  00002ab4    00000138     Boot.aem4f : Boot_sysctl.oem4f (.text:ti_catalog_arm_cortexm4_tiva_ce_Boot_sysCtlClockSetI__I)
                  00002bec    00000134     sysbios.aem4f : m3_Hwi_asm.obj (.text:ti_sysbios_family_arm_m3_Hwi_dispatch__I)
                  00002d20    0000012c     ti.targets.arm.rtsarm.aem4f : LoggerBuf.oem4f (.text:xdc_runtime_LoggerBuf_write8__F)
                  00002e4c    00000128     sysbios.aem4f : BIOS.obj (.text:ti_sysbios_family_arm_lm4_TimestampProvider_get64__E)
                  00002f74    00000114                   : BIOS.obj (.text:ti_sysbios_family_arm_lm4_Timer_initDevice__I)
                  00003088    00000104     ti.targets.arm.rtsarm.aem4f : Core-mem.oem4f (.text:xdc_runtime_Core_createObject__I)
                  0000318c    000000fc     sysbios.aem4f : BIOS.obj (.text:ti_sysbios_family_arm_lm4_Timer_start__E)
                  00003288    000000f8     ti.targets.arm.rtsarm.aem4f : Startup.oem4f (.text:xdc_runtime_Startup_startMods__I)
                  00003380    000000f8     app_pem4f.oem4f (.text:xdc_runtime_System_printfExtend__I)
                  00003478    000000ec     rtsv7M4_T_le_v4SPD16_eabi.lib : dtor_list.obj (.text)
                  00003564    000000ec     sysbios.aem4f : BIOS.obj (.text:ti_sysbios_knl_Semaphore_post__E)
                  00003650    000000dc                   : BIOS.obj (.text:ti_sysbios_family_arm_m3_Hwi_initNVIC__E)
                  0000372c    000000dc                   : BIOS.obj (.text:ti_sysbios_knl_Task_postInit__I)
                  00003808    000000d8     Clock.obj (.text)
                  000038e0    000000d4     ti.targets.arm.rtsarm.aem4f : LoggerBuf.oem4f (.text:xdc_runtime_LoggerBuf_write4__F)
                  000039b4    000000c8     driverlib-cm4f.lib : gpio.obj (.text:GPIOPadConfigSet)
                  00003a7c    000000b4     sysbios.aem4f : BIOS.obj (.text:ti_sysbios_family_arm_m3_Hwi_excHardFault__I)
                  00003b30    000000b4                   : BIOS.obj (.text:ti_sysbios_knl_Task_checkStacks__E)
                  00003be4    000000b0                   : BIOS.obj (.text:ti_sysbios_family_arm_m3_Hwi_excDebugMon__I)
                  00003c94    000000ac                   : BIOS.obj (.text:ti_sysbios_knl_Swi_schedule__I)
                  00003d40    000000a4                   : BIOS.obj (.text:ti_sysbios_family_arm_m3_Hwi_Module_startup__F)
                  00003de4    000000a0     auto_init.aem4f : auto_init.oem4f (.text)
                  00003e84    0000009c     rtsv7M4_T_le_v4SPD16_eabi.lib : memcpy_t2.obj (.text)
                  00003f20    0000009a     ti.targets.arm.rtsarm.aem4f : Text.oem4f (.text:xdc_runtime_Text_putSite__F)
                  00003fba    00000002     sysbios.aem4f : BIOS.obj (.text:ti_sysbios_BIOS_nullFunc__I)
                  00003fbc    00000094     Boot.aem4f : Boot.oem4f (.text:ti_catalog_arm_cortexm4_tiva_ce_Boot_sysCtlClockSet__E)
                  00004050    00000094     ti.targets.arm.rtsarm.aem4f : Text.oem4f (.text:xdc_runtime_Text_putMod__F)
                  000040e4    00000090     sysbios.aem4f : BIOS.obj (.text:ti_sysbios_knl_Task_exit__E)
                  00004174    00000090                   : BIOS.obj (.text:ti_sysbios_knl_Task_startCore__E)
                  00004204    0000008c                   : m3_TaskSupport_asm.obj (.text:_ti_sysbios_family_arm_m3_TaskSupport_buildTaskStack)
                  00004290    0000008c     ti.targets.arm.rtsarm.aem4f : HeapMin.oem4f (.text:xdc_runtime_HeapMin_Instance_init__F)
                  0000431c    00000088     sysbios.aem4f : BIOS.obj (.text:ti_sysbios_knl_Task_schedule__I)
                  000043a4    00000084                   : BIOS.obj (.text:ti_sysbios_knl_Task_Module_startup__F)
                  00004428    00000080     ti.targets.arm.rtsarm.aem4f : LoggerBuf.oem4f (.text:xdc_runtime_LoggerBuf_setFilterLevel__F)
                  000044a8    00000078     rtsv7M4_T_le_v4SPD16_eabi.lib : memset_t2.obj (.text)
                  00004520    00000070     ti.targets.arm.rtsarm.aem4f : Memory.oem4f (.text:xdc_runtime_Memory_alloc__F)
                  00004590    0000006c     sysbios.aem4f : BIOS.obj (.text:ti_sysbios_knl_Clock_workFunc__E)
                  000045fc    0000006c     ti.targets.arm.rtsarm.aem4f : Error.oem4f (.text:xdc_runtime_Error_print__F)
                  00004668    0000006c                                 : LoggerBuf.oem4f (.text:xdc_runtime_LoggerBuf_getFilterLevel__F)
                  000046d4    00000066                                 : Core-mem.oem4f (.text:xdc_runtime_Core_deleteObject__I)
                  0000473a    00000002     sysbios.aem4f : BIOS.obj (.text:ti_sysbios_gates_GateHwi_Instance_init__F)
                  0000473c    00000064     driverlib-cm4f.lib : interrupt.obj (.text:IntEnable)
                  000047a0    00000060     rtsv7M4_T_le_v4SPD16_eabi.lib : trgmsg.obj (.text)
                  00004800    00000060     sysbios.aem4f : BIOS.obj (.text:ti_sysbios_family_arm_m3_Hwi_dispatchC__I)
                  00004860    00000060                   : BIOS.obj (.text:ti_sysbios_knl_Swi_run__I)
                  000048c0    00000060     app_pem4f.oem4f (.text:xdc_runtime_LoggerBuf_Object__create__S)
                  00004920    0000005e     rtsv7M4_T_le_v4SPD16_eabi.lib : copy_decompress_rle.obj (.text)
                  0000497e    00000002     sysbios.aem4f : BIOS.obj (.text:ti_sysbios_knl_Clock_logTick__E)
                  00004980    0000005c                   : BIOS.obj (.text:ti_sysbios_family_arm_lm4_Timer_Module_startup__F)
                  000049dc    0000005c                   : BIOS.obj (.text:ti_sysbios_knl_Swi_restoreHwi__E)
                  00004a38    0000005b     ti.targets.arm.rtsarm.aem4f : Text.oem4f (.text:xdc_runtime_Text_putLab__F)
                  00004a93    00000001     --HOLE-- [fill = 0]
                  00004a94    00000058     boot.aem4f : boot.oem4f (.text)
                  00004aec    00000058     driverlib-cm4f.lib : sysctl.obj (.text:SysCtlPeripheralEnable)
                  00004b44    00000058     sysbios.aem4f : BIOS.obj (.text:ti_sysbios_knl_Task_unblockI__E)
                  00004b9c    00000050     ti.targets.arm.rtsarm.aem4f : Startup.oem4f (.text:xdc_runtime_Startup_exec__F)
                  00004bec    00000050                                 : System.oem4f (.text:xdc_runtime_System_formatNum__I)
                  00004c3c    00000048     driverlib-cm4f.lib : gpio.obj (.text:GPIOPinConfigure)
                  00004c84    00000048     sysbios.aem4f : BIOS.obj (.text:ti_sysbios_family_arm_m3_Hwi_excReserved__I)
                  00004ccc    00000048                   : BIOS.obj (.text:ti_sysbios_knl_Task_allBlockedFunction__I)
                  00004d14    00000048     ti.targets.arm.rtsarm.aem4f : Assert.oem4f (.text:xdc_runtime_Assert_raise__I)
                  00004d5c    00000048                                 : Core-params.oem4f (.text:xdc_runtime_Core_assignParams__I)
                  00004da4    00000044     driverlib-cm4f.lib : gpio.obj (.text:GPIOIntTypeSet)
                  00004de8    00000044                        : ssi.obj (.text:SSIConfigSetExpClk)
                  00004e2c    00000044     rtsv7M4_T_le_v4SPD16_eabi.lib : cpy_tbl.obj (.text)
                  00004e70    00000044     sysbios.aem4f : BIOS.obj (.text:ti_sysbios_family_arm_lm4_Timer_isrStub__E)
                  00004eb4    00000044                   : BIOS.obj (.text:ti_sysbios_family_arm_m3_Hwi_disableInterrupt__E)
                  00004ef8    00000044                   : BIOS.obj (.text:ti_sysbios_family_arm_m3_Hwi_enableInterrupt__E)
                  00004f3c    00000044                   : BIOS.obj (.text:ti_sysbios_knl_Swi_post__E)
                  00004f80    00000044     ti.targets.arm.rtsarm.aem4f : LoggerBuf.oem4f (.text:xdc_runtime_LoggerBuf_filterOutEvent__I)
                  00004fc4    00000044                                 : SysMin.oem4f (.text:xdc_runtime_SysMin_flush__F)
                  00005008    00000040     rtsv7M4_T_le_v4SPD16_eabi.lib : exit.obj (.text)
                  00005048    00000040     sysbios.aem4f : BIOS.obj (.text:ti_sysbios_family_arm_lm4_Timer_startup__E)
                  00005088    00000040                   : BIOS.obj (.text:ti_sysbios_knl_Semaphore_pendTimeout__I)
                  000050c8    00000040                   : BIOS.obj (.text:ti_sysbios_knl_Task_processVitalTaskFlag__I)
                  00005108    00000040     ti.targets.arm.rtsarm.aem4f : System.oem4f (.text:xdc_runtime_System_atexit__F)
                  00005148    0000003c     sysbios.aem4f : BIOS.obj (.text:ti_sysbios_family_arm_m3_Hwi_excSvCall__I)
                  00005184    0000003c                   : BIOS.obj (.text:ti_sysbios_knl_Swi_restore__E)
                  000051c0    0000003c     ti.targets.arm.rtsarm.aem4f : HeapMin.oem4f (.text:xdc_runtime_HeapMin_alloc__F)
                  000051fc    0000003c                                 : Text.oem4f (.text:xdc_runtime_Text_xprintf__I)
                  00005238    00000038     sysbios.aem4f : BIOS.obj (.text:ti_sysbios_family_arm_m3_Hwi_excNoIsr__I)
                  00005270    00000038                   : BIOS.obj (.text:ti_sysbios_family_arm_m3_Hwi_getStackInfo__E)
                  000052a8    00000038                   : BIOS.obj (.text:ti_sysbios_family_arm_m3_TaskSupport_start__E)
                  000052e0    00000038     ti.targets.arm.rtsarm.aem4f : LoggerBuf.oem4f (.text:xdc_runtime_LoggerBuf_Instance_init__F)
                  00005318    00000038                                 : SysMin.oem4f (.text:xdc_runtime_SysMin_putch__F)
                  00005350    00000034     sysbios.aem4f : BIOS.obj (.text:ti_sysbios_family_arm_m3_Hwi_excNmi__I)
                  00005384    00000034     app_pem4f.oem4f (.text:ti_sysbios_gates_GateHwi_Object__create__S)
                  000053b8    00000034     sysbios.aem4f : BIOS.obj (.text:ti_sysbios_hal_Hwi_checkStack:ti_sysbios_hal_Hwi_checkStack)
                  000053ec    00000034     app_pem4f.oem4f (.text:xdc_runtime_HeapMin_Object__create__S)
                  00005420    00000030     sysbios.aem4f : BIOS.obj (.text:ti_sysbios_BIOS_errorRaiseHook__I)
                  00005450    00000030     app_pem4f.oem4f (.text:ti_sysbios_BIOS_exitFunc__I)
                  00005480    00000030     sysbios.aem4f : BIOS.obj (.text:ti_sysbios_family_arm_lm4_Timer_enableTimers__I)
                  000054b0    00000030                   : BIOS.obj (.text:ti_sysbios_family_arm_lm4_Timer_stop__E)
                  000054e0    00000030                   : BIOS.obj (.text:ti_sysbios_knl_Idle_run__E)
                  00005510    00000030     ti.targets.arm.rtsarm.aem4f : Core-label.oem4f (.text:xdc_runtime_Core_assignLabel__I)
                  00005540    00000030                                 : HeapMin.oem4f (.text:xdc_runtime_HeapMin_free__F)
                  00005570    00000030                                 : SysMin.oem4f (.text:xdc_runtime_SysMin_abort__F)
                  000055a0    0000002f                                 : Text.oem4f (.text:xdc_runtime_Text_printVisFxn__I)
                  000055cf    00000001     --HOLE-- [fill = 0]
                  000055d0    0000002e     driverlib-cm4f.lib : gpio.obj (.text:GPIODirModeSet)
                  000055fe    0000002e     app_pem4f.oem4f (.text:malloc)
                  0000562c    0000002e     sysbios.aem4f : BIOS.obj (.text:ti_sysbios_knl_Task_sleepTimeout__I)
                  0000565a    0000002c                   : BIOS.obj (.text:ti_sysbios_hal_Hwi_initStack:ti_sysbios_hal_Hwi_initStack)
                  00005686    00000002     app_pem4f.oem4f (.text:xdc_runtime_Startup_reset__I)
                  00005688    0000002c     app_pem4f.oem4f (.text:ti_sysbios_knl_Clock_doTick__I)
                  000056b4    0000002c     sysbios.aem4f : BIOS.obj (.text:ti_sysbios_knl_Task_restore__E)
                  000056e0    0000002c     ti.targets.arm.rtsarm.aem4f : System.oem4f (.text:xdc_runtime_System_rtsExit__I)
                  0000570c    0000002c                                 : Text.oem4f (.text:xdc_runtime_Text_cordText__F)
                  00005738    0000002a                                 : System.oem4f (.text:xdc_runtime_System_putchar__I)
                  00005762    00000002     --HOLE-- [fill = 0]
                  00005764    00000028     driverlib-cm4f.lib : timer.obj (.text:TimerConfigure)
                  0000578c    00000028     sysbios.aem4f : m3_Hwi_asm_switch.obj (.text:_ti_sysbios_family_arm_m3_Hwi_initStacks__E)
                  000057b4    00000028                   : BIOS.obj (.text:ti_sysbios_knl_Clock_addI__E)
                  000057dc    00000028     ti.targets.arm.rtsarm.aem4f : LoggerBuf.oem4f (.text:xdc_runtime_LoggerBuf_Module_startup__F)
                  00005804    00000026                                 : System.oem4f (.text:xdc_runtime_System_avprintf__F)
                  0000582a    00000002     --HOLE-- [fill = 0]
                  0000582c    00000024     sysbios.aem4f : BIOS.obj (.text:ti_sysbios_knl_Clock_Module_startup__F)
                  00005850    00000024                   : BIOS.obj (.text:ti_sysbios_knl_Swi_Module_startup__F)
                  00005874    00000024                   : BIOS.obj (.text:ti_sysbios_knl_Task_restoreHwi__E)
                  00005898    00000024     ti.targets.arm.rtsarm.aem4f : System.oem4f (.text:xdc_runtime_System_vprintf__F)
                  000058bc    00000022     app_pem4f.oem4f (.text:xdc_runtime_SysMin_output__I)
                  000058de    00000002     --HOLE-- [fill = 0]
                  000058e0    00000020     sysbios.aem4f : BIOS.obj (.text:ti_sysbios_BIOS_removeRTSLock__I)
                  00005900    00000020     app_pem4f.oem4f (.text:ti_sysbios_BIOS_startFunc__I)
                  00005920    00000020     app_pem4f.oem4f (.text:ti_sysbios_gates_GateHwi_Object__delete__S)
                  00005940    00000020     sysbios.aem4f : BIOS.obj (.text:ti_sysbios_knl_Task_enter__I)
                  00005960    00000020     app_pem4f.oem4f (.text:xdc_runtime_HeapMin_Object__delete__S)
                  00005980    00000020     app_pem4f.oem4f (.text:xdc_runtime_LoggerBuf_Object__delete__S)
                  000059a0    00000020     ti.targets.arm.rtsarm.aem4f : LoggerBuf.oem4f (.text:xdc_runtime_LoggerBuf_reset__F)
                  000059c0    00000020                                 : Registry.oem4f (.text:xdc_runtime_Registry_findById__F)
                  000059e0    00000020                                 : SysMin.oem4f (.text:xdc_runtime_SysMin_Module_startup__F)
                  00005a00    0000001e     sysbios.aem4f : BIOS.obj (.text:ti_sysbios_family_arm_lm4_Timer_write__I)
                  00005a1e    0000001c                   : BIOS.obj (.text:ti_sysbios_knl_Queue_put__E)
                  00005a3a    00000002     --HOLE-- [fill = 0]
                  00005a3c    0000001c     ti.targets.arm.rtsarm.aem4f : Error.oem4f (.text:xdc_runtime_Error_check__F)
                  00005a58    0000001c                                 : Memory.oem4f (.text:xdc_runtime_Memory_valloc__F)
                  00005a74    0000001c                                 : SysMin.oem4f (.text:xdc_runtime_SysMin_exit__F)
                  00005a90    0000001a     app_pem4f.oem4f (.text:xdc_runtime_System_aprintf__E)
                  00005aaa    0000001a     app_pem4f.oem4f (.text:xdc_runtime_System_printf__E)
                  00005ac4    00000018     sysbios.aem4f : m3_TaskSupport_asm.obj (.text:_ti_sysbios_family_arm_m3_TaskSupport_swap__E)
                  00005adc    00000018     app_pem4f.oem4f (.text:free)
                  00005af4    00000018     rtsv7M4_T_le_v4SPD16_eabi.lib : args_main.obj (.text)
                  00005b0c    00000018     app_pem4f.oem4f (.text:ti_sysbios_family_arm_lm4_Timer_Module__startupDone__F)
                  00005b24    00000018     app_pem4f.oem4f (.text:ti_sysbios_family_arm_m3_Hwi_Handle__label__S)
                  00005b3c    00000018     app_pem4f.oem4f (.text:ti_sysbios_family_arm_m3_Hwi_Module__startupDone__F)
                  00005b54    00000018     app_pem4f.oem4f (.text:ti_sysbios_gates_GateHwi_Handle__label__S)
                  00005b6c    00000018     app_pem4f.oem4f (.text:ti_sysbios_hal_Timer_Module__startupDone__F)
                  00005b84    00000018     app_pem4f.oem4f (.text:ti_sysbios_knl_Swi_Handle__label__S)
                  00005b9c    00000018     app_pem4f.oem4f (.text:ti_sysbios_knl_Task_Handle__label__S)
                  00005bb4    00000018     app_pem4f.oem4f (.text:xdc_runtime_HeapMin_Handle__label__S)
                  00005bcc    00000018     app_pem4f.oem4f (.text:xdc_runtime_LoggerBuf_Handle__label__S)
                  00005be4    00000018     ti.targets.arm.rtsarm.aem4f : Text.oem4f (.text:xdc_runtime_Text_ropeText__F)
                  00005bfc    00000014     rtsv7M4_T_le_v4SPD16_eabi.lib : _lock.obj (.text)
                  00005c10    00000014                                   : strlen.obj (.text)
                  00005c24    00000014     sysbios.aem4f : BIOS.obj (.text:ti_sysbios_family_arm_m3_Hwi_switchFromBootStack__E)
                  00005c38    00000014     app_pem4f.oem4f (.text:ti_sysbios_knl_Swi_Object__get__S)
                  00005c4c    00000014     ti.targets.arm.rtsarm.aem4f : LoggerBuf.oem4f (.text:xdc_runtime_LoggerBuf_Instance_finalize__F)
                  00005c60    00000014     app_pem4f.oem4f (.text:xdc_runtime_LoggerBuf_Object__get__S)
                  00005c74    00000014     ti.targets.arm.rtsarm.aem4f : LoggerBuf.oem4f (.text:xdc_runtime_LoggerBuf_write2__F)
                  00005c88    00000014                                 : System.oem4f (.text:xdc_runtime_System_abort__F)
                  00005c9c    00000012     driverlib-cm4f.lib : gpio.obj (.text:GPIOPinTypeGPIOOutput)
                  00005cae    00000012                        : gpio.obj (.text:GPIOPinTypeSSI)
                  00005cc0    00000012                        : timer.obj (.text:TimerLoadSet)
                  00005cd2    00000012     rtsv7M4_T_le_v4SPD16_eabi.lib : copy_zero_init.obj (.text:decompress:ZI)
                  00005ce4    00000012     sysbios.aem4f : BIOS.obj (.text:ti_sysbios_hal_Hwi_Module_startup__F)
                  00005cf6    00000012                   : BIOS.obj (.text:ti_sysbios_hal_Timer_Module_startup__F)
                  00005d08    00000012     ti.targets.arm.rtsarm.aem4f : LoggerBuf.oem4f (.text:xdc_runtime_LoggerBuf_write1__F)
                  00005d1a    00000012     app_pem4f.oem4f (.text:xdc_runtime_Startup_exec__I)
                  00005d2c    00000010     sysbios.aem4f : m3_TaskSupport_asm.obj (.text:_ti_sysbios_family_arm_m3_TaskSupport_glue)
                  00005d3c    00000010                   : m3_Hwi_asm_switch.obj (.text:_ti_sysbios_family_xxx_Hwi_switchToIsrStack)
                  00005d4c    00000010     rtsv7M4_T_le_v4SPD16_eabi.lib : strcpy.obj (.text)
                  00005d5c    00000010     sysbios.aem4f : BIOS.obj (.text:ti_sysbios_BIOS_setThreadType__E)
                  00005d6c    00000010                   : BIOS.obj (.text:ti_sysbios_BIOS_start__E)
                  00005d7c    00000010                   : BIOS.obj (.text:ti_sysbios_family_arm_lm4_TimestampProvider_rolloverFunc__E)
                  00005d8c    00000010                   : BIOS.obj (.text:ti_sysbios_family_arm_m3_Hwi_excHandler__I)
                  00005d9c    00000010                   : BIOS.obj (.text:ti_sysbios_knl_Swi_disable__E)
                  00005dac    00000010     app_pem4f.oem4f (.text:ti_sysbios_knl_Task_Object__get__S)
                  00005dbc    00000010     sysbios.aem4f : BIOS.obj (.text:ti_sysbios_knl_Task_disable__E)
                  00005dcc    00000010     ti.targets.arm.rtsarm.aem4f : Gate.oem4f (.text:xdc_runtime_Gate_leaveSystem__F)
                  00005ddc    00000010                                 : LoggerBuf.oem4f (.text:xdc_runtime_LoggerBuf_write0__F)
                  00005dec    00000010                                 : Memory.oem4f (.text:xdc_runtime_Memory_free__F)
                  00005dfc    00000010                                 : SysMin.oem4f (.text:xdc_runtime_SysMin_ready__F)
                  00005e0c    00000010                                 : System.oem4f (.text:xdc_runtime_System_vsnprintf__F)
                  00005e1c    0000000e     driverlib-cm4f.lib : gpio.obj (.text:GPIOPinIntDisable)
                  00005e2a    0000000e                        : timer.obj (.text:TimerEnable)
                  00005e38    0000000e     rtsv7M4_T_le_v4SPD16_eabi.lib : copy_decompress_none.obj (.text:decompress:none)
                  00005e46    0000000e     sysbios.aem4f : BIOS.obj (.text:ti_sysbios_family_arm_m3_TaskSupport_checkStack__E)
                  00005e54    0000000e                   : BIOS.obj (.text:ti_sysbios_knl_Queue_empty__E)
                  00005e62    00000002     --HOLE-- [fill = 0]
                  00005e64    0000000c     app_pem4f.oem4f (.text:.bootCodeSection:ti_catalog_arm_cortexm4_tiva_ce_Boot_init__I)
                  00005e70    0000000c     driverlib-cm4f.lib : gpio.obj (.text:GPIOPinIntEnable)
                  00005e7c    0000000c     sysbios.aem4f : m3_Hwi_asm_switch.obj (.text:_ti_sysbios_family_xxx_Hwi_switchToTaskStack)
                  00005e88    0000000c                   : BIOS.obj (.text:ti_sysbios_family_arm_lm4_Timer_masterDisable__I)
                  00005e94    0000000c                   : BIOS.obj (.text:ti_sysbios_family_arm_lm4_TimestampProvider_startTimer__E)
                  00005ea0    0000000c                   : BIOS.obj (.text:ti_sysbios_gates_GateHwi_enter__E)
                  00005eac    0000000c     app_pem4f.oem4f (.text:ti_sysbios_knl_Queue_Object__get__S)
                  00005eb8    0000000c     ti.targets.arm.rtsarm.aem4f : Error.oem4f (.text:xdc_runtime_Error_init__F)
                  00005ec4    0000000c                                 : Gate.oem4f (.text:xdc_runtime_Gate_enterSystem__F)
                  00005ed0    0000000c                                 : HeapMin.oem4f (.text:xdc_runtime_HeapMin_getStats__F)
                  00005edc    0000000c                                 : Memory.oem4f (.text:xdc_runtime_Memory_calloc__F)
                  00005ee8    0000000c                                 : Memory.oem4f (.text:xdc_runtime_Memory_getMaxDefaultTypeAlign__F)
                  00005ef4    0000000c                                 : System.oem4f (.text:xdc_runtime_System_exit__F)
                  00005f00    0000000c                                 : System.oem4f (.text:xdc_runtime_System_lastFxn__I)
                  00005f0c    0000000a     driverlib-cm4f.lib : gpio.obj (.text:GPIOPinWrite)
                  00005f16    0000000a                        : ssi.obj (.text:SSIDataPut)
                  00005f20    0000000a                        : ssi.obj (.text:SSIEnable)
                  00005f2a    0000000a     app_pem4f.oem4f (.text:xdc_runtime_IHeap_alloc)
                  00005f34    0000000a     app_pem4f.oem4f (.text:xdc_runtime_IHeap_free)
                  00005f3e    0000000a     ti.targets.arm.rtsarm.aem4f : LoggerBuf.oem4f (.text:xdc_runtime_LoggerBuf_disable__F)
                  00005f48    0000000a                                 : LoggerBuf.oem4f (.text:xdc_runtime_LoggerBuf_enable__F)
                  00005f52    00000008     driverlib-cm4f.lib : ssi.obj (.text:SSIBusy)
                  00005f5a    00000008                        : timer.obj (.text:TimerIntEnable)
                  00005f62    00000008     sysbios.aem4f : BIOS.obj (.text:ti_sysbios_family_arm_m3_Hwi_doSwiRestore__I)
                  00005f6a    00000008                   : BIOS.obj (.text:ti_sysbios_family_arm_m3_Hwi_startup__E)
                  00005f72    00000008                   : BIOS.obj (.text:ti_sysbios_knl_Idle_loop__E)
                  00005f7a    00000008     app_pem4f.oem4f (.text:xdc_runtime_Text_visitRope__I)
                  00005f82    00000006     driverlib-cm4f.lib : gpio.obj (.text:GPIOPinIntClear)
                  00005f88    00000006     ti.targets.arm.rtsarm.aem4f : xdc_noinit.oem4f (.text:__xdc__init)
                  00005f8e    00000006     rtsv7M4_T_le_v4SPD16_eabi.lib : copy_decompress_rle.obj (.text:decompress:rle24)
                  00005f94    00000006     Boot.aem4f : Boot_sysctl.oem4f (.text:ti_catalog_arm_cortexm4_tiva_ce_Boot_sysCtlDelayI__I)
                  00005f9a    00000006     sysbios.aem4f : BIOS.obj (.text:ti_sysbios_family_arm_lm4_TimestampProvider_Module_startup__F)
                  00005fa0    00000006                   : BIOS.obj (.text:ti_sysbios_family_arm_m3_Hwi_doTaskRestore__I)
                  00005fa6    00000006                   : BIOS.obj (.text:ti_sysbios_gates_GateHwi_leave__E)
                  00005fac    00000006                   : BIOS.obj (.text:ti_sysbios_knl_Swi_startup__E)
                  00005fb2    00000006     ti.targets.arm.rtsarm.aem4f : System.oem4f (.text:xdc_runtime_System_Module_startup__F)
                  00005fb8    00000004     driverlib-cm4f.lib : timer.obj (.text:TimerIntClear)
                  00005fbc    00000004     sysbios.aem4f : BIOS.obj (.text:ti_sysbios_family_arm_lm4_Timer_getPeriod__E)
                  00005fc0    00000004                   : BIOS.obj (.text:ti_sysbios_family_arm_lm4_Timer_masterEnable__I)
                  00005fc4    00000004     app_pem4f.oem4f (.text:ti_sysbios_family_arm_m3_TaskSupport_Module__startupDone__S)
                  00005fc8    00000004     sysbios.aem4f : BIOS.obj (.text:ti_sysbios_gates_GateHwi_query__F)
                  00005fcc    00000004     app_pem4f.oem4f (.text:ti_sysbios_hal_Hwi_HwiProxy_Module__startupDone__S)
                  00005fd0    00000004     app_pem4f.oem4f (.text:ti_sysbios_hal_Timer_TimerProxy_Module__startupDone__S)
                  00005fd4    00000004     app_pem4f.oem4f (.text:ti_sysbios_hal_Timer_TimerProxy_getPeriod__E)
                  00005fd8    00000004     app_pem4f.oem4f (.text:ti_sysbios_knl_Task_SupportProxy_Module__startupDone__S)
                  00005fdc    00000004     sysbios.aem4f : BIOS.obj (.text:ti_sysbios_knl_Task_startup__E)
                  00005fe0    00000004     ti.targets.arm.rtsarm.aem4f : Error.oem4f (.text:xdc_runtime_Error_getSite__F)
                  00005fe4    00000004                                 : HeapMin.oem4f (.text:xdc_runtime_HeapMin_isBlocking__F)
                  00005fe8    00000004     app_pem4f.oem4f (.text:xdc_runtime_LoggerBuf_Module_GateProxy_enter__E)
                  00005fec    00000004     app_pem4f.oem4f (.text:xdc_runtime_LoggerBuf_Module_GateProxy_leave__E)
                  00005ff0    00000004     app_pem4f.oem4f (.text:xdc_runtime_Memory_HeapProxy_alloc__E)
                  00005ff4    00000004     app_pem4f.oem4f (.text:xdc_runtime_Memory_HeapProxy_free__E)
                  00005ff8    00000004     app_pem4f.oem4f (.text:xdc_runtime_System_Module_GateProxy_enter__E)
                  00005ffc    00000004     app_pem4f.oem4f (.text:xdc_runtime_System_Module_GateProxy_leave__E)
                  00006000    00000004     ti.targets.arm.rtsarm.aem4f : System.oem4f (.text:xdc_runtime_System_aprintf_va__F)
                  00006004    00000004                                 : System.oem4f (.text:xdc_runtime_System_printf_va__F)
                  00006008    00000004     app_pem4f.oem4f (.text:xdc_runtime_System_vsnprintf__E)

.const     0    0000600c    0000099d     
                  0000600c    000001b6     Font.obj (.const:.string:MyFont)
                  000061c2    00000002     --HOLE-- [fill = 0]
                  000061c4    000000d8     app_pem4f.oem4f (.const:ti_sysbios_family_arm_m3_Hwi_priorities__A)
                  0000629c    000000ac     scancodes.obj (.const:shifted)
                  00006348    000000ac     scancodes.obj (.const:unshifted)
                  000063f4    00000078     driverlib-cm4f.lib : gpio.obj (.const:g_pulGPIOBaseAddrs)
                  0000646c    00000070                        : interrupt.obj (.const)
                  000064dc    0000006c                        : sysctl.obj (.const:g_pulXtals)
                  00006548    00000048     app_pem4f.oem4f (.const:.string)
                  00006590    00000040     driverlib-cm4f.lib : sysctl.obj (.const)
                  000065d0    0000003c     app_pem4f.oem4f (.const:xdc_runtime_LoggerBuf_Module__FXNS__C)
                  0000660c    0000002c     app_pem4f.oem4f (.const:xdc_runtime_Startup_sfxnTab__A)
                  00006638    00000028     app_pem4f.oem4f (.const:xdc_runtime_HeapMin_Module__FXNS__C)
                  00006660    00000024     app_pem4f.oem4f (.const:ti_sysbios_gates_GateHwi_Module__FXNS__C)
                  00006684    00000024     app_pem4f.oem4f (.const:xdc_runtime_LoggerBuf_Object__PARAMS__C)
                  000066a8    00000020     app_pem4f.oem4f (.const)
                  000066c8    00000020     app_pem4f.oem4f (.const:ti_sysbios_gates_GateHwi_Object__DESC__C)
                  000066e8    00000020     app_pem4f.oem4f (.const:xdc_runtime_HeapMin_Object__DESC__C)
                  00006708    00000020     app_pem4f.oem4f (.const:xdc_runtime_HeapMin_Object__PARAMS__C)
                  00006728    00000020     app_pem4f.oem4f (.const:xdc_runtime_LoggerBuf_Object__DESC__C)
                  00006748    00000018     app_pem4f.oem4f (.const:ti_sysbios_gates_GateHwi_Object__PARAMS__C)
                  00006760    00000018     app_pem4f.oem4f (.const:ti_sysbios_knl_Task_hooks__A)
                  00006778    00000016     app_pem4f.oem4f (.const:xdc_runtime_Startup_sfxnRts__A)
                  0000678e    00000002     --HOLE-- [fill = 0]
                  00006790    00000011     ti.targets.arm.rtsarm.aem4f : System.oem4f (.const)
                  000067a1    00000003     --HOLE-- [fill = 0]
                  000067a4    00000010     app_pem4f.oem4f (.const:xdc_runtime_Startup_firstFxns__A)
                  000067b4    0000000c     main.obj (.const:.string)
                  000067c0    00000008     app_pem4f.oem4f (.const:ti_sysbios_family_arm_m3_Hwi_excHookFuncs__A)
                  000067c8    00000008     app_pem4f.oem4f (.const:ti_sysbios_knl_Idle_coreList__C)
                  000067d0    00000008     app_pem4f.oem4f (.const:ti_sysbios_knl_Idle_funcList__C)
                  000067d8    00000008     app_pem4f.oem4f (.const:ti_sysbios_knl_Task_hooks__C)
                  000067e0    00000008     app_pem4f.oem4f (.const:xdc_runtime_Startup_firstFxns__C)
                  000067e8    00000008     app_pem4f.oem4f (.const:xdc_runtime_Startup_lastFxns__A)
                  000067f0    00000008     app_pem4f.oem4f (.const:xdc_runtime_Startup_lastFxns__C)
                  000067f8    00000004     app_pem4f.oem4f (.const:ti_catalog_arm_cortexm4_tiva_ce_Boot_A_mustUseEnhancedClockMode__C)
                  000067fc    00000004     app_pem4f.oem4f (.const:ti_catalog_arm_cortexm4_tiva_ce_Boot_Module__diagsEnabled__C)
                  00006800    00000004     app_pem4f.oem4f (.const:ti_catalog_arm_cortexm4_tiva_ce_Boot_Module__diagsIncluded__C)
                  00006804    00000004     app_pem4f.oem4f (.const:ti_catalog_arm_cortexm4_tiva_ce_Boot_Module__diagsMask__C)
                  00006808    00000004     app_pem4f.oem4f (.const:ti_sysbios_BIOS_installedErrorHook__C)
                  0000680c    00000004     app_pem4f.oem4f (.const:ti_sysbios_family_arm_lm4_Timer_numTimerDevices__C)
                  00006810    00000004     app_pem4f.oem4f (.const:ti_sysbios_family_arm_lm4_Timer_startupNeeded__C)
                  00006814    00000004     app_pem4f.oem4f (.const:ti_sysbios_family_arm_m3_Hwi_E_NMI__C)
                  00006818    00000004     app_pem4f.oem4f (.const:ti_sysbios_family_arm_m3_Hwi_E_busFault__C)
                  0000681c    00000004     app_pem4f.oem4f (.const:ti_sysbios_family_arm_m3_Hwi_E_debugMon__C)
                  00006820    00000004     app_pem4f.oem4f (.const:ti_sysbios_family_arm_m3_Hwi_E_hardFault__C)
                  00006824    00000004     app_pem4f.oem4f (.const:ti_sysbios_family_arm_m3_Hwi_E_memFault__C)
                  00006828    00000004     app_pem4f.oem4f (.const:ti_sysbios_family_arm_m3_Hwi_E_noIsr__C)
                  0000682c    00000004     app_pem4f.oem4f (.const:ti_sysbios_family_arm_m3_Hwi_E_reserved__C)
                  00006830    00000004     app_pem4f.oem4f (.const:ti_sysbios_family_arm_m3_Hwi_E_svCall__C)
                  00006834    00000004     app_pem4f.oem4f (.const:ti_sysbios_family_arm_m3_Hwi_E_usageFault__C)
                  00006838    00000004     app_pem4f.oem4f (.const:ti_sysbios_family_arm_m3_Hwi_NUM_INTERRUPTS__C)
                  0000683c    00000004     app_pem4f.oem4f (.const:ti_sysbios_family_arm_m3_Hwi_ccr__C)
                  00006840    00000004     app_pem4f.oem4f (.const:ti_sysbios_family_arm_m3_Hwi_dispatchTable__C)
                  00006844    00000004     app_pem4f.oem4f (.const:ti_sysbios_family_arm_m3_Hwi_excHandlerFunc__C)
                  00006848    00000004     app_pem4f.oem4f (.const:ti_sysbios_family_arm_m3_Hwi_excHookFuncs__C)
                  0000684c    00000004     app_pem4f.oem4f (.const:ti_sysbios_family_arm_m3_Hwi_priGroup__C)
                  00006850    00000004     app_pem4f.oem4f (.const:ti_sysbios_family_arm_m3_Hwi_priorities__C)
                  00006854    00000004     app_pem4f.oem4f (.const:ti_sysbios_hal_Hwi_E_stackOverflow__C)
                  00006858    00000004     app_pem4f.oem4f (.const:ti_sysbios_knl_Clock_Module_State_clockQ__O)
                  0000685c    00000004     app_pem4f.oem4f (.const:ti_sysbios_knl_Idle_coreList__A)
                  00006860    00000004     app_pem4f.oem4f (.const:ti_sysbios_knl_Idle_funcList__A)
                  00006864    00000004     app_pem4f.oem4f (.const:ti_sysbios_knl_Semaphore_A_badContext__C)
                  00006868    00000004     app_pem4f.oem4f (.const:ti_sysbios_knl_Semaphore_A_overflow__C)
                  0000686c    00000004     app_pem4f.oem4f (.const:ti_sysbios_knl_Semaphore_A_pendTaskDisabled__C)
                  00006870    00000004     app_pem4f.oem4f (.const:ti_sysbios_knl_Semaphore_Instance_State_pendQ__O)
                  00006874    00000004     app_pem4f.oem4f (.const:ti_sysbios_knl_Semaphore_Module__diagsEnabled__C)
                  00006878    00000004     app_pem4f.oem4f (.const:ti_sysbios_knl_Semaphore_Module__diagsIncluded__C)
                  0000687c    00000004     app_pem4f.oem4f (.const:ti_sysbios_knl_Semaphore_Module__diagsMask__C)
                  00006880    00000004     app_pem4f.oem4f (.const:ti_sysbios_knl_Swi_Object__count__C)
                  00006884    00000004     app_pem4f.oem4f (.const:ti_sysbios_knl_Task_A_badTimeout__C)
                  00006888    00000004     app_pem4f.oem4f (.const:ti_sysbios_knl_Task_A_sleepTaskDisabled__C)
                  0000688c    00000004     app_pem4f.oem4f (.const:ti_sysbios_knl_Task_E_spOutOfBounds__C)
                  00006890    00000004     app_pem4f.oem4f (.const:ti_sysbios_knl_Task_E_stackOverflow__C)
                  00006894    00000004     app_pem4f.oem4f (.const:ti_sysbios_knl_Task_Module_State_inactiveQ__O)
                  00006898    00000004     app_pem4f.oem4f (.const:ti_sysbios_knl_Task_Module__diagsEnabled__C)
                  0000689c    00000004     app_pem4f.oem4f (.const:ti_sysbios_knl_Task_Module__diagsIncluded__C)
                  000068a0    00000004     app_pem4f.oem4f (.const:ti_sysbios_knl_Task_Module__diagsMask__C)
                  000068a4    00000004     app_pem4f.oem4f (.const:ti_sysbios_knl_Task_Object__count__C)
                  000068a8    00000004     app_pem4f.oem4f (.const:ti_sysbios_knl_Task_allBlockedFunc__C)
                  000068ac    00000004     app_pem4f.oem4f (.const:ti_sysbios_knl_Task_numConstructedTasks__C)
                  000068b0    00000004     app_pem4f.oem4f (.const:xdc_runtime_Assert_E_assertFailed__C)
                  000068b4    00000004     app_pem4f.oem4f (.const:xdc_runtime_Core_A_initializedParams__C)
                  000068b8    00000004     app_pem4f.oem4f (.const:xdc_runtime_Core_Module__diagsEnabled__C)
                  000068bc    00000004     app_pem4f.oem4f (.const:xdc_runtime_Core_Module__diagsIncluded__C)
                  000068c0    00000004     app_pem4f.oem4f (.const:xdc_runtime_Core_Module__diagsMask__C)
                  000068c4    00000004     app_pem4f.oem4f (.const:xdc_runtime_Error_E_memory__C)
                  000068c8    00000004     app_pem4f.oem4f (.const:xdc_runtime_Error_Module__diagsEnabled__C)
                  000068cc    00000004     app_pem4f.oem4f (.const:xdc_runtime_Error_Module__diagsIncluded__C)
                  000068d0    00000004     app_pem4f.oem4f (.const:xdc_runtime_Error_Module__diagsMask__C)
                  000068d4    00000004     app_pem4f.oem4f (.const:xdc_runtime_Error_Module__loggerFxn8__C)
                  000068d8    00000004     app_pem4f.oem4f (.const:xdc_runtime_Error_Module__loggerObj__C)
                  000068dc    00000004     app_pem4f.oem4f (.const:xdc_runtime_Error_raiseHook__C)
                  000068e0    00000004     app_pem4f.oem4f (.const:xdc_runtime_HeapMin_A_zeroSize__C)
                  000068e4    00000004     app_pem4f.oem4f (.const:xdc_runtime_HeapMin_E_freeError__C)
                  000068e8    00000004     app_pem4f.oem4f (.const:xdc_runtime_HeapMin_Module__diagsEnabled__C)
                  000068ec    00000004     app_pem4f.oem4f (.const:xdc_runtime_HeapMin_Module__diagsIncluded__C)
                  000068f0    00000004     app_pem4f.oem4f (.const:xdc_runtime_HeapMin_Module__diagsMask__C)
                  000068f4    00000004     app_pem4f.oem4f (.const:xdc_runtime_IFilterLogger_Interface__BASE__C)
                  000068f8    00000004     app_pem4f.oem4f (.const:xdc_runtime_IGateProvider_Interface__BASE__C)
                  000068fc    00000004     app_pem4f.oem4f (.const:xdc_runtime_IHeap_Interface__BASE__C)
                  00006900    00000004     app_pem4f.oem4f (.const:xdc_runtime_ILogger_Interface__BASE__C)
                  00006904    00000004     app_pem4f.oem4f (.const:xdc_runtime_IModule_Interface__BASE__C)
                  00006908    00000004     app_pem4f.oem4f (.const:xdc_runtime_Log_L_error__C)
                  0000690c    00000004     app_pem4f.oem4f (.const:xdc_runtime_LoggerBuf_E_badLevel__C)
                  00006910    00000004     app_pem4f.oem4f (.const:xdc_runtime_LoggerBuf_Module__gateObj__C)
                  00006914    00000004     app_pem4f.oem4f (.const:xdc_runtime_LoggerBuf_Object__count__C)
                  00006918    00000004     app_pem4f.oem4f (.const:xdc_runtime_LoggerBuf_statusLogger__C)
                  0000691c    00000004     app_pem4f.oem4f (.const:xdc_runtime_Memory_defaultHeapInstance__C)
                  00006920    00000004     app_pem4f.oem4f (.const:xdc_runtime_Startup_execImpl__C)
                  00006924    00000004     app_pem4f.oem4f (.const:xdc_runtime_Startup_maxPasses__C)
                  00006928    00000004     app_pem4f.oem4f (.const:xdc_runtime_Startup_sfxnRts__C)
                  0000692c    00000004     app_pem4f.oem4f (.const:xdc_runtime_Startup_sfxnTab__C)
                  00006930    00000004     app_pem4f.oem4f (.const:xdc_runtime_SysMin_bufSize__C)
                  00006934    00000004     app_pem4f.oem4f (.const:xdc_runtime_SysMin_outputFunc__C)
                  00006938    00000004     app_pem4f.oem4f (.const:xdc_runtime_System_Module__gateObj__C)
                  0000693c    00000004     app_pem4f.oem4f (.const:xdc_runtime_System_extendFxn__C)
                  00006940    00000004     app_pem4f.oem4f (.const:xdc_runtime_System_maxAtexitHandlers__C)
                  00006944    00000004     app_pem4f.oem4f (.const:xdc_runtime_Text_charTab__C)
                  00006948    00000004     app_pem4f.oem4f (.const:xdc_runtime_Text_nameEmpty__C)
                  0000694c    00000004     app_pem4f.oem4f (.const:xdc_runtime_Text_nameStatic__C)
                  00006950    00000004     app_pem4f.oem4f (.const:xdc_runtime_Text_nameUnknown__C)
                  00006954    00000004     app_pem4f.oem4f (.const:xdc_runtime_Text_visitRopeFxn__C)
                  00006958    00000002     app_pem4f.oem4f (.const:ti_catalog_arm_cortexm4_tiva_ce_Boot_Module__id__C)
                  0000695a    00000002     --HOLE-- [fill = 0]
                  0000695c    00000002     app_pem4f.oem4f (.const:ti_sysbios_family_arm_lm4_TimestampProvider_useClockTimer__C)
                  0000695e    00000002     --HOLE-- [fill = 0]
                  00006960    00000002     app_pem4f.oem4f (.const:ti_sysbios_family_arm_m3_Hwi_Module__id__C)
                  00006962    00000002     --HOLE-- [fill = 0]
                  00006964    00000002     app_pem4f.oem4f (.const:ti_sysbios_hal_Hwi_Module__id__C)
                  00006966    00000002     --HOLE-- [fill = 0]
                  00006968    00000002     app_pem4f.oem4f (.const:ti_sysbios_knl_Semaphore_Module__id__C)
                  0000696a    00000002     --HOLE-- [fill = 0]
                  0000696c    00000002     app_pem4f.oem4f (.const:ti_sysbios_knl_Task_Module__id__C)
                  0000696e    00000002     --HOLE-- [fill = 0]
                  00006970    00000002     app_pem4f.oem4f (.const:ti_sysbios_knl_Task_initStackFlag__C)
                  00006972    00000002     --HOLE-- [fill = 0]
                  00006974    00000002     app_pem4f.oem4f (.const:xdc_runtime_Core_Module__id__C)
                  00006976    00000002     --HOLE-- [fill = 0]
                  00006978    00000002     app_pem4f.oem4f (.const:xdc_runtime_Error_Module__loggerDefined__C)
                  0000697a    00000002     --HOLE-- [fill = 0]
                  0000697c    00000002     app_pem4f.oem4f (.const:xdc_runtime_Error_maxDepth__C)
                  0000697e    00000002     --HOLE-- [fill = 0]
                  00006980    00000002     app_pem4f.oem4f (.const:xdc_runtime_HeapMin_Module__id__C)
                  00006982    00000002     --HOLE-- [fill = 0]
                  00006984    00000002     app_pem4f.oem4f (.const:xdc_runtime_HeapMin_freeError__C)
                  00006986    00000002     --HOLE-- [fill = 0]
                  00006988    00000002     app_pem4f.oem4f (.const:xdc_runtime_LoggerBuf_Module__id__C)
                  0000698a    00000002     --HOLE-- [fill = 0]
                  0000698c    00000002     app_pem4f.oem4f (.const:xdc_runtime_LoggerBuf_filterByLevel__C)
                  0000698e    00000002     --HOLE-- [fill = 0]
                  00006990    00000002     app_pem4f.oem4f (.const:xdc_runtime_Memory_Module__id__C)
                  00006992    00000002     --HOLE-- [fill = 0]
                  00006994    00000002     app_pem4f.oem4f (.const:xdc_runtime_SysMin_flushAtExit__C)
                  00006996    00000002     --HOLE-- [fill = 0]
                  00006998    00000002     app_pem4f.oem4f (.const:xdc_runtime_Text_charCnt__C)
                  0000699a    00000002     --HOLE-- [fill = 0]
                  0000699c    00000002     app_pem4f.oem4f (.const:xdc_runtime_Text_isLoaded__C)
                  0000699e    00000002     --HOLE-- [fill = 0]
                  000069a0    00000002     app_pem4f.oem4f (.const:xdc_runtime_Text_registryModsLastId__C)
                  000069a2    00000002     --HOLE-- [fill = 0]
                  000069a4    00000002     app_pem4f.oem4f (.const:xdc_runtime_Text_unnamedModsLastId__C)
                  000069a6    00000002     --HOLE-- [fill = 0]
                  000069a8    00000001     app_pem4f.oem4f (.const:xdc_runtime_Error_policy__C)

.cinit     0    000069b0    000004e8     
                  000069b0    000004ae     (.cinit..data.load) [load image, compression = rle]
                  00006e5e    00000002     --HOLE-- [fill = 0]
                  00006e60    0000000c     (__TI_handler_table)
                  00006e6c    00000004     --HOLE-- [fill = 0]
                  00006e70    00000008     (.cinit..bss.load) [load image, compression = zero_init]
                  00006e78    00000008     (.cinit..vecs.load) [load image, compression = zero_init]
                  00006e80    00000018     (__TI_cinit_table)

.vecs      0    20000000    00000360     UNINITIALIZED
                  20000000    00000360     app_pem4f.oem4f (.vecs)

.bss       0    20000360    00001a78     UNINITIALIZED
                  20000360    00001400     app_pem4f.oem4f (.bss:taskStackSection)
                  20001760    00000400     st7565.obj (.bss:glcd_buffer)
                  20001b60    00000120     rtsv7M4_T_le_v4SPD16_eabi.lib : trgmsg.obj (.bss:__CIOBUF_)
                  20001c80    00000080     app_pem4f.oem4f (.bss:xdc_runtime_LoggerBuf_Instance_State_0_entryArr__A)
                  20001d00    00000080     app_pem4f.oem4f (.bss:xdc_runtime_SysMin_Module_State_0_outbuf__A)
                  20001d80    00000038     app_pem4f.oem4f (.bss)
                  20001db8    0000000c     Graphics_Bmp.obj (.bss)
                  20001dc4    0000000b     Ps2Keyboard.obj (.bss)
                  20001dcf    00000008     rtsv7M4_T_le_v4SPD16_eabi.lib : trgdrv.obj (.bss)
                  20001dd7    00000001     st7565.obj (.bss)

.data      0    20001dd8    000009f7     
                  20001dd8    00000360     app_pem4f.oem4f (.data:ti_sysbios_family_arm_m3_Hwi_Module_State_0_dispatchTable__A)
                  20002138    0000017c     app_pem4f.oem4f (.data:ti_sysbios_knl_Task_Object__table__V)
                  200022b4    00000170     app_pem4f.oem4f (.data)
                  20002424    00000080     app_pem4f.oem4f (.data:ti_sysbios_knl_Swi_Module_State_0_readyQ__A)
                  200024a4    00000080     app_pem4f.oem4f (.data:ti_sysbios_knl_Task_Module_State_0_readyQ__A)
                  20002524    00000078     app_pem4f.oem4f (.data:ti_sysbios_family_arm_m3_Hwi_Object__table__V)
                  2000259c    00000070     app_pem4f.oem4f (.data:ti_sysbios_family_arm_lm4_Timer_Object__table__V)
                  2000260c    00000054     app_pem4f.oem4f (.data:ti_sysbios_family_arm_m3_Hwi_Module__state__V)
                  20002660    00000044     app_pem4f.oem4f (.data:ti_sysbios_knl_Task_Module__state__V)
                  200026a4    00000030     app_pem4f.oem4f (.data:ti_sysbios_family_arm_lm4_Timer_Module_State_0_device__A)
                  200026d4    00000030     app_pem4f.oem4f (.data:ti_sysbios_knl_Swi_Object__table__V)
                  20002704    00000028     app_pem4f.oem4f (.data:ti_sysbios_knl_Clock_Module__state__V)
                  2000272c    00000028     app_pem4f.oem4f (.data:ti_sysbios_knl_Semaphore_Object__table__V)
                  20002754    00000024     st7565.obj (.data)
                  20002778    00000024     app_pem4f.oem4f (.data:xdc_runtime_LoggerBuf_Object__table__V)
                  2000279c    0000000c     Ps2Keyboard.obj (.data)
                  200027a8    00000008     rtsv7M4_T_le_v4SPD16_eabi.lib : _lock.obj (.data)
                  200027b0    00000008                                   : exit.obj (.data)
                  200027b8    00000006     buttons.obj (.data)
                  200027be    00000002     --HOLE--
                  200027c0    00000004     rtsv7M4_T_le_v4SPD16_eabi.lib : dtor_list.obj (.data)
                  200027c4    00000004                                   : stkdepth_vars.obj (.data)
                  200027c8    00000003     Clock.obj (.data)
                  200027cb    00000001     --HOLE--
                  200027cc    00000003     main.obj (.data)

.stack     0    200027d0    00000400     UNINITIALIZED
                  200027d0    00000400     --HOLE--


LINKER GENERATED COPY TABLES

__TI_cinit_table @ 00006e80 records: 3, size/record: 8, table size: 24
	.data: load addr=000069b0, load size=000004ae bytes, run addr=20001dd8, run size=000009f7 bytes, compression=rle
	.bss: load addr=00006e70, load size=00000008 bytes, run addr=20000360, run size=00001a78 bytes, compression=zero_init
	.vecs: load addr=00006e78, load size=00000008 bytes, run addr=20000000, run size=00000360 bytes, compression=zero_init


LINKER GENERATED HANDLER TABLE

__TI_handler_table @ 00006e60 records: 3, size/record: 4, table size: 12
	index: 0, handler: __TI_zero_init
	index: 1, handler: __TI_decompress_rle24
	index: 2, handler: __TI_decompress_none


GLOBAL SYMBOLS: SORTED ALPHABETICALLY BY Name 

address    name
--------   ----
000066b0   ButTask
0000224d   ButtonISR
00002353   ButtonTask
00002305   ButtonsInit
0000225b   ButtonsPoll
000007c5   Byte_Reverse
00005009   C$$EXIT
000047cb   C$$IO$$
000066b4   Clock
00003809   ClockInit
200027a0   Data
000066c4   DataSem
00000449   Decode
00000361   FSSIntHandler
000055d1   GPIODirModeSet
00004da5   GPIOIntTypeSet
000039b5   GPIOPadConfigSet
00004c3d   GPIOPinConfigure
00005f83   GPIOPinIntClear
00005e1d   GPIOPinIntDisable
00005e71   GPIOPinIntEnable
00005c9d   GPIOPinTypeGPIOOutput
00005caf   GPIOPinTypeSSI
00005f0d   GPIOPinWrite
000006fd   GetKey
00001609   GlcdDispTime
000019c3   HOSTclock
00001989   HOSTclose
0000194b   HOSTgetenv
000018ef   HOSTlseek
0000189f   HOSTopen
00001851   HOSTread
000017f1   HOSTrename
000017b5   HOSTtime
0000177b   HOSTunlink
0000172d   HOSTwrite
0000473d   IntEnable
20001dc8   KeyBuf
200027a4   KeyBuffer
20001dcc   KeyIn
20001dcd   KeyOut
0000074d   KeyPend
20001dce   KeyRead
0000083d   KeyScan
000066b8   KeySem
0000078d   KeyTask
000003c5   KeyboardInit
000066c0   KeyboardTask
200027ce   LastState
000059a1   LoggerBuf_instanceStartup
0000600c   MyFont
000006b9   PutKeyBuf
UNDEFED    SHT$$INIT_ARRAY$$Base
UNDEFED    SHT$$INIT_ARRAY$$Limit
00005f53   SSIBusy
00004de9   SSIConfigSetExpClk
00005f17   SSIDataPut
00005f21   SSIEnable
200027cc   StateInfo
00002075   SysCtlClockGet
00004aed   SysCtlPeripheralEnable
20002268   TSK_idle
00003899   TimeGet
200027b8   TimeOfDay
000038af   TimeSet
00003849   Timer0IntHandler
00005765   TimerConfigure
00005e2b   TimerEnable
00005fb9   TimerIntClear
00005f5b   TimerIntEnable
00005cc1   TimerLoadSet
000066ac   UI
00001a47   UiTask
00000000   __ASM__
20001b60   __CIOBUF_
00000052   __ISA__
00000065   __PLAT__
20002bd0   __STACK_END
00000400   __STACK_SIZE
200029d0   __STACK_TOP
0000008b   __TARG__
00006e80   __TI_CINIT_Base
00006e98   __TI_CINIT_Limit
00006e60   __TI_Handler_Table_Base
00006e6c   __TI_Handler_Table_Limit
00000001   __TI_args_main
00003de5   __TI_auto_init
00005e39   __TI_decompress_none
00005f8f   __TI_decompress_rle24
00000000   __TI_static_base__
00005cd3   __TI_zero_init
000000b1   __TRDR__
000034cf   __aeabi_atexit
000044a9   __aeabi_memclr
000044a9   __aeabi_memclr4
000044a9   __aeabi_memclr8
00003e85   __aeabi_memcpy
00003e85   __aeabi_memcpy4
00003e85   __aeabi_memcpy8
000044ab   __aeabi_memset
000044ab   __aeabi_memset4
000044ab   __aeabi_memset8
ffffffff   __binit__
ffffffff   __c_args__
000034bd   __cxa_atexit
00003479   __cxa_finalize
000034b7   __cxa_ia64_exit
200027d0   __stack
00005f89   __xdc__init
20002420   __xdc__init__addr
00005af5   _args_main
00004a95   _c_int00
200027b0   _cleanup_ptr
200027b4   _dtors_ptr
200027a8   _lock
00005c0b   _nop
00005c03   _register_lock
00005bfd   _register_unlock
200027ac   _unlock
0000500d   abort
000034c1   atexit
ffffffff   binit
00004e2d   copy_in
000014cd   draw_char_bmp
00001419   draw_text_bmp
00005015   exit
00005add   free
00000d6f   glcd_blank
20001760   glcd_buffer
00000f7d   glcd_command
00001077   glcd_contrast
00000f3d   glcd_data
20001dd7   glcd_dirty_pages
00000fbd   glcd_flip_screen
20002754   glcd_flipped
00000e69   glcd_init
00000ff1   glcd_inverse_screen
00000cb9   glcd_pixel
00000de9   glcd_refresh
00001011   glcd_test_card
000066a8   hwi0
000066bc   hwi2
00001bb5   main
200027c4   main_func_sp
000055ff   malloc
00003e85   memcpy
000044b1   memset
20002758   pagemap
000047cf   readmsg
0000629c   shifted
00005d4d   strcpy
00005c11   strlen
00001a11   taskFxn
2000279c   temp_count
20001dc4   temp_count_string
000067f8   ti_catalog_arm_cortexm4_tiva_ce_Boot_A_mustUseEnhancedClockMode__C
000067fc   ti_catalog_arm_cortexm4_tiva_ce_Boot_Module__diagsEnabled__C
00006800   ti_catalog_arm_cortexm4_tiva_ce_Boot_Module__diagsIncluded__C
00006804   ti_catalog_arm_cortexm4_tiva_ce_Boot_Module__diagsMask__C
00006958   ti_catalog_arm_cortexm4_tiva_ce_Boot_Module__id__C
00005e65   ti_catalog_arm_cortexm4_tiva_ce_Boot_init__I
00002ab5   ti_catalog_arm_cortexm4_tiva_ce_Boot_sysCtlClockSetI__I
00003fbd   ti_catalog_arm_cortexm4_tiva_ce_Boot_sysCtlClockSet__E
00005f95   ti_catalog_arm_cortexm4_tiva_ce_Boot_sysCtlDelayI__I
200022b4   ti_sysbios_BIOS_Module__state__V
00005421   ti_sysbios_BIOS_errorRaiseHook__I
00005451   ti_sysbios_BIOS_exitFunc__I
00006808   ti_sysbios_BIOS_installedErrorHook__C
00003fbb   ti_sysbios_BIOS_nullFunc__I
000058e1   ti_sysbios_BIOS_removeRTSLock__I
00005d5d   ti_sysbios_BIOS_setThreadType__E
00005901   ti_sysbios_BIOS_startFunc__I
00005d6d   ti_sysbios_BIOS_start__E
200026a4   ti_sysbios_family_arm_lm4_Timer_Module_State_0_device__A
200022dc   ti_sysbios_family_arm_lm4_Timer_Module_State_0_handles__A
200022d4   ti_sysbios_family_arm_lm4_Timer_Module__root__V
00005b0d   ti_sysbios_family_arm_lm4_Timer_Module__startupDone__F
00005b0d   ti_sysbios_family_arm_lm4_Timer_Module__startupDone__S
200022f4   ti_sysbios_family_arm_lm4_Timer_Module__state__V
00004981   ti_sysbios_family_arm_lm4_Timer_Module_startup__E
00004981   ti_sysbios_family_arm_lm4_Timer_Module_startup__F
2000259c   ti_sysbios_family_arm_lm4_Timer_Object__table__V
00005481   ti_sysbios_family_arm_lm4_Timer_enableTimers__I
00005fbd   ti_sysbios_family_arm_lm4_Timer_getPeriod__E
00002f75   ti_sysbios_family_arm_lm4_Timer_initDevice__I
00004e71   ti_sysbios_family_arm_lm4_Timer_isrStub__E
00005e89   ti_sysbios_family_arm_lm4_Timer_masterDisable__I
00005fc1   ti_sysbios_family_arm_lm4_Timer_masterEnable__I
0000680c   ti_sysbios_family_arm_lm4_Timer_numTimerDevices__C
0000318d   ti_sysbios_family_arm_lm4_Timer_start__E
00006810   ti_sysbios_family_arm_lm4_Timer_startupNeeded__C
00005049   ti_sysbios_family_arm_lm4_Timer_startup__E
000054b1   ti_sysbios_family_arm_lm4_Timer_stop__E
00005a01   ti_sysbios_family_arm_lm4_Timer_write__I
20002300   ti_sysbios_family_arm_lm4_TimestampProvider_Module__state__V
00005f9b   ti_sysbios_family_arm_lm4_TimestampProvider_Module_startup__E
00005f9b   ti_sysbios_family_arm_lm4_TimestampProvider_Module_startup__F
00002e4d   ti_sysbios_family_arm_lm4_TimestampProvider_get64__E
00005d7d   ti_sysbios_family_arm_lm4_TimestampProvider_rolloverFunc__E
00005e95   ti_sysbios_family_arm_lm4_TimestampProvider_startTimer__E
0000695c   ti_sysbios_family_arm_lm4_TimestampProvider_useClockTimer__C
00006814   ti_sysbios_family_arm_m3_Hwi_E_NMI__C
00006818   ti_sysbios_family_arm_m3_Hwi_E_busFault__C
0000681c   ti_sysbios_family_arm_m3_Hwi_E_debugMon__C
00006820   ti_sysbios_family_arm_m3_Hwi_E_hardFault__C
00006824   ti_sysbios_family_arm_m3_Hwi_E_memFault__C
00006828   ti_sysbios_family_arm_m3_Hwi_E_noIsr__C
0000682c   ti_sysbios_family_arm_m3_Hwi_E_reserved__C
00006830   ti_sysbios_family_arm_m3_Hwi_E_svCall__C
00006834   ti_sysbios_family_arm_m3_Hwi_E_usageFault__C
00005b25   ti_sysbios_family_arm_m3_Hwi_Handle__label__S
20001dd8   ti_sysbios_family_arm_m3_Hwi_Module_State_0_dispatchTable__A
20002310   ti_sysbios_family_arm_m3_Hwi_Module_State_0_excActive__A
20002314   ti_sysbios_family_arm_m3_Hwi_Module_State_0_excContext__A
20002318   ti_sysbios_family_arm_m3_Hwi_Module_State_0_excStack__A
00006960   ti_sysbios_family_arm_m3_Hwi_Module__id__C
20002308   ti_sysbios_family_arm_m3_Hwi_Module__root__V
00005b3d   ti_sysbios_family_arm_m3_Hwi_Module__startupDone__F
00005b3d   ti_sysbios_family_arm_m3_Hwi_Module__startupDone__S
2000260c   ti_sysbios_family_arm_m3_Hwi_Module__state__V
00003d41   ti_sysbios_family_arm_m3_Hwi_Module_startup__E
00003d41   ti_sysbios_family_arm_m3_Hwi_Module_startup__F
00006838   ti_sysbios_family_arm_m3_Hwi_NUM_INTERRUPTS__C
20002524   ti_sysbios_family_arm_m3_Hwi_Object__table__V
0000683c   ti_sysbios_family_arm_m3_Hwi_ccr__C
00004eb5   ti_sysbios_family_arm_m3_Hwi_disableInterrupt__E
00004801   ti_sysbios_family_arm_m3_Hwi_dispatchC__I
00006840   ti_sysbios_family_arm_m3_Hwi_dispatchTable__C
00002bed   ti_sysbios_family_arm_m3_Hwi_dispatch__I
00005f63   ti_sysbios_family_arm_m3_Hwi_doSwiRestore__I
00005fa1   ti_sysbios_family_arm_m3_Hwi_doTaskRestore__I
00004ef9   ti_sysbios_family_arm_m3_Hwi_enableInterrupt__E
0000257d   ti_sysbios_family_arm_m3_Hwi_excBusFault__I
00003be5   ti_sysbios_family_arm_m3_Hwi_excDebugMon__I
00000895   ti_sysbios_family_arm_m3_Hwi_excDumpRegs__I
00002d01   ti_sysbios_family_arm_m3_Hwi_excHandlerAsm__I
00006844   ti_sysbios_family_arm_m3_Hwi_excHandlerFunc__C
00001e99   ti_sysbios_family_arm_m3_Hwi_excHandlerMax__I
00005d8d   ti_sysbios_family_arm_m3_Hwi_excHandler__I
00003a7d   ti_sysbios_family_arm_m3_Hwi_excHardFault__I
000067c0   ti_sysbios_family_arm_m3_Hwi_excHookFuncs__A
00006848   ti_sysbios_family_arm_m3_Hwi_excHookFuncs__C
00002839   ti_sysbios_family_arm_m3_Hwi_excMemFault__I
00005351   ti_sysbios_family_arm_m3_Hwi_excNmi__I
00005239   ti_sysbios_family_arm_m3_Hwi_excNoIsr__I
00004c85   ti_sysbios_family_arm_m3_Hwi_excReserved__I
00005149   ti_sysbios_family_arm_m3_Hwi_excSvCall__I
000026e5   ti_sysbios_family_arm_m3_Hwi_excUsageFault__I
00005271   ti_sysbios_family_arm_m3_Hwi_getStackInfo__E
00003651   ti_sysbios_family_arm_m3_Hwi_initNVIC__E
0000578d   ti_sysbios_family_arm_m3_Hwi_initStacks__E
e000e000   ti_sysbios_family_arm_m3_Hwi_nvic
00002cc3   ti_sysbios_family_arm_m3_Hwi_pendSV__I
0000684c   ti_sysbios_family_arm_m3_Hwi_priGroup__C
000061c4   ti_sysbios_family_arm_m3_Hwi_priorities__A
00006850   ti_sysbios_family_arm_m3_Hwi_priorities__C
20000000   ti_sysbios_family_arm_m3_Hwi_ramVectors
00000000   ti_sysbios_family_arm_m3_Hwi_resetVectors
00002ce7   ti_sysbios_family_arm_m3_Hwi_return
00005f6b   ti_sysbios_family_arm_m3_Hwi_startup__E
00005c25   ti_sysbios_family_arm_m3_Hwi_switchFromBootStack__E
00005fc5   ti_sysbios_family_arm_m3_TaskSupport_Module__startupDone__S
00004205   ti_sysbios_family_arm_m3_TaskSupport_buildTaskStack
00005e47   ti_sysbios_family_arm_m3_TaskSupport_checkStack__E
00005d2d   ti_sysbios_family_arm_m3_TaskSupport_glue
000052a9   ti_sysbios_family_arm_m3_TaskSupport_start__E
00005ac5   ti_sysbios_family_arm_m3_TaskSupport_swap__E
00005d3d   ti_sysbios_family_xxx_Hwi_switchToIsrStack
00005e7d   ti_sysbios_family_xxx_Hwi_switchToTaskStack
00005b55   ti_sysbios_gates_GateHwi_Handle__label__S
0000473b   ti_sysbios_gates_GateHwi_Instance_init__F
00006660   ti_sysbios_gates_GateHwi_Module__FXNS__C
2000231c   ti_sysbios_gates_GateHwi_Module__root__V
000066c8   ti_sysbios_gates_GateHwi_Object__DESC__C
00006748   ti_sysbios_gates_GateHwi_Object__PARAMS__C
00005385   ti_sysbios_gates_GateHwi_Object__create__S
00005921   ti_sysbios_gates_GateHwi_Object__delete__S
20002324   ti_sysbios_gates_GateHwi_Object__table__V
00005ea1   ti_sysbios_gates_GateHwi_enter__E
00005fa7   ti_sysbios_gates_GateHwi_leave__E
00005fc9   ti_sysbios_gates_GateHwi_query__E
00005fc9   ti_sysbios_gates_GateHwi_query__F
20002328   ti_sysbios_gates_GateMutexPri_Module__root__V
00006854   ti_sysbios_hal_Hwi_E_stackOverflow__C
00005fcd   ti_sysbios_hal_Hwi_HwiProxy_Module__startupDone__S
00004eb5   ti_sysbios_hal_Hwi_HwiProxy_disableInterrupt__E
00004ef9   ti_sysbios_hal_Hwi_HwiProxy_enableInterrupt__E
00005271   ti_sysbios_hal_Hwi_HwiProxy_getStackInfo__E
00005f6b   ti_sysbios_hal_Hwi_HwiProxy_startup__E
00005c25   ti_sysbios_hal_Hwi_HwiProxy_switchFromBootStack__E
00006964   ti_sysbios_hal_Hwi_Module__id__C
20002330   ti_sysbios_hal_Hwi_Module__root__V
00005ce5   ti_sysbios_hal_Hwi_Module_startup__E
00005ce5   ti_sysbios_hal_Hwi_Module_startup__F
20002338   ti_sysbios_hal_Hwi_Object__table__V
000053b9   ti_sysbios_hal_Hwi_checkStack
00004eb5   ti_sysbios_hal_Hwi_disableInterrupt__E
00004ef9   ti_sysbios_hal_Hwi_enableInterrupt__E
00005271   ti_sysbios_hal_Hwi_getStackInfo__E
0000565b   ti_sysbios_hal_Hwi_initStack
00005f6b   ti_sysbios_hal_Hwi_startup__E
00005c25   ti_sysbios_hal_Hwi_switchFromBootStack__E
20002350   ti_sysbios_hal_Timer_Module__root__V
00005b6d   ti_sysbios_hal_Timer_Module__startupDone__F
00005b6d   ti_sysbios_hal_Timer_Module__startupDone__S
00005cf7   ti_sysbios_hal_Timer_Module_startup__E
00005cf7   ti_sysbios_hal_Timer_Module_startup__F
20002358   ti_sysbios_hal_Timer_Object__table__V
00005fd1   ti_sysbios_hal_Timer_TimerProxy_Module__startupDone__S
00005fd5   ti_sysbios_hal_Timer_TimerProxy_getPeriod__E
00005049   ti_sysbios_hal_Timer_TimerProxy_startup__E
00005049   ti_sysbios_hal_Timer_startup__E
00006858   ti_sysbios_knl_Clock_Module_State_clockQ__O
20002360   ti_sysbios_knl_Clock_Module__root__V
20002704   ti_sysbios_knl_Clock_Module__state__V
0000582d   ti_sysbios_knl_Clock_Module_startup__E
0000582d   ti_sysbios_knl_Clock_Module_startup__F
000057b5   ti_sysbios_knl_Clock_addI__E
00005689   ti_sysbios_knl_Clock_doTick__I
0000497f   ti_sysbios_knl_Clock_logTick__E
00004591   ti_sysbios_knl_Clock_workFunc__E
0000685c   ti_sysbios_knl_Idle_coreList__A
000067c8   ti_sysbios_knl_Idle_coreList__C
00006860   ti_sysbios_knl_Idle_funcList__A
000067d0   ti_sysbios_knl_Idle_funcList__C
00005f73   ti_sysbios_knl_Idle_loop__E
000054e1   ti_sysbios_knl_Idle_run__E
20002368   ti_sysbios_knl_Queue_Module__root__V
00005ead   ti_sysbios_knl_Queue_Object__get__S
00005e55   ti_sysbios_knl_Queue_empty__E
00005a1f   ti_sysbios_knl_Queue_put__E
00006864   ti_sysbios_knl_Semaphore_A_badContext__C
00006868   ti_sysbios_knl_Semaphore_A_overflow__C
0000686c   ti_sysbios_knl_Semaphore_A_pendTaskDisabled__C
00006870   ti_sysbios_knl_Semaphore_Instance_State_pendQ__O
00006874   ti_sysbios_knl_Semaphore_Module__diagsEnabled__C
00006878   ti_sysbios_knl_Semaphore_Module__diagsIncluded__C
0000687c   ti_sysbios_knl_Semaphore_Module__diagsMask__C
00006968   ti_sysbios_knl_Semaphore_Module__id__C
20002370   ti_sysbios_knl_Semaphore_Module__root__V
2000272c   ti_sysbios_knl_Semaphore_Object__table__V
00005089   ti_sysbios_knl_Semaphore_pendTimeout__I
00001c61   ti_sysbios_knl_Semaphore_pend__E
00003565   ti_sysbios_knl_Semaphore_post__E
00005b85   ti_sysbios_knl_Swi_Handle__label__S
20002424   ti_sysbios_knl_Swi_Module_State_0_readyQ__A
20002378   ti_sysbios_knl_Swi_Module__root__V
20002380   ti_sysbios_knl_Swi_Module__state__V
00005851   ti_sysbios_knl_Swi_Module_startup__E
00005851   ti_sysbios_knl_Swi_Module_startup__F
00006880   ti_sysbios_knl_Swi_Object__count__C
00005c39   ti_sysbios_knl_Swi_Object__get__S
200026d4   ti_sysbios_knl_Swi_Object__table__V
00005d9d   ti_sysbios_knl_Swi_disable__E
00004f3d   ti_sysbios_knl_Swi_post__E
000049dd   ti_sysbios_knl_Swi_restoreHwi__E
00005185   ti_sysbios_knl_Swi_restore__E
00004861   ti_sysbios_knl_Swi_run__I
00003c95   ti_sysbios_knl_Swi_schedule__I
00005fad   ti_sysbios_knl_Swi_startup__E
00006884   ti_sysbios_knl_Task_A_badTimeout__C
00006888   ti_sysbios_knl_Task_A_sleepTaskDisabled__C
0000688c   ti_sysbios_knl_Task_E_spOutOfBounds__C
00006890   ti_sysbios_knl_Task_E_stackOverflow__C
00005b9d   ti_sysbios_knl_Task_Handle__label__S
20001d80   ti_sysbios_knl_Task_Instance_State_0_hookEnv__A
20000360   ti_sysbios_knl_Task_Instance_State_0_stack__A
20001d84   ti_sysbios_knl_Task_Instance_State_1_hookEnv__A
20000760   ti_sysbios_knl_Task_Instance_State_1_stack__A
20001d88   ti_sysbios_knl_Task_Instance_State_2_hookEnv__A
20000b60   ti_sysbios_knl_Task_Instance_State_2_stack__A
20001d8c   ti_sysbios_knl_Task_Instance_State_3_hookEnv__A
20000f60   ti_sysbios_knl_Task_Instance_State_3_stack__A
20001d90   ti_sysbios_knl_Task_Instance_State_4_hookEnv__A
20001360   ti_sysbios_knl_Task_Instance_State_4_stack__A
200023a4   ti_sysbios_knl_Task_Module_State_0_idleTask__A
200024a4   ti_sysbios_knl_Task_Module_State_0_readyQ__A
00006894   ti_sysbios_knl_Task_Module_State_inactiveQ__O
00006898   ti_sysbios_knl_Task_Module__diagsEnabled__C
0000689c   ti_sysbios_knl_Task_Module__diagsIncluded__C
000068a0   ti_sysbios_knl_Task_Module__diagsMask__C
0000696c   ti_sysbios_knl_Task_Module__id__C
2000239c   ti_sysbios_knl_Task_Module__root__V
20002660   ti_sysbios_knl_Task_Module__state__V
000043a5   ti_sysbios_knl_Task_Module_startup__E
000043a5   ti_sysbios_knl_Task_Module_startup__F
000068a4   ti_sysbios_knl_Task_Object__count__C
00005dad   ti_sysbios_knl_Task_Object__get__S
20002138   ti_sysbios_knl_Task_Object__table__V
00005fd9   ti_sysbios_knl_Task_SupportProxy_Module__startupDone__S
00005e47   ti_sysbios_knl_Task_SupportProxy_checkStack__E
000052a9   ti_sysbios_knl_Task_SupportProxy_start__E
00005ac5   ti_sysbios_knl_Task_SupportProxy_swap__E
000068a8   ti_sysbios_knl_Task_allBlockedFunc__C
00004ccd   ti_sysbios_knl_Task_allBlockedFunction__I
00003b31   ti_sysbios_knl_Task_checkStacks__E
00005dbd   ti_sysbios_knl_Task_disable__E
00005941   ti_sysbios_knl_Task_enter__I
000040e5   ti_sysbios_knl_Task_exit__E
00006760   ti_sysbios_knl_Task_hooks__A
000067d8   ti_sysbios_knl_Task_hooks__C
00006970   ti_sysbios_knl_Task_initStackFlag__C
000068ac   ti_sysbios_knl_Task_numConstructedTasks__C
0000372d   ti_sysbios_knl_Task_postInit__I
000050c9   ti_sysbios_knl_Task_processVitalTaskFlag__I
00005875   ti_sysbios_knl_Task_restoreHwi__E
000056b5   ti_sysbios_knl_Task_restore__E
0000431d   ti_sysbios_knl_Task_schedule__I
0000562d   ti_sysbios_knl_Task_sleepTimeout__I
000023f1   ti_sysbios_knl_Task_sleep__E
00004175   ti_sysbios_knl_Task_startCore__E
00005fdd   ti_sysbios_knl_Task_startup__E
00005ad1   ti_sysbios_knl_Task_swapReturn
00004b45   ti_sysbios_knl_Task_unblockI__E
20001db8   time_string
00006348   unshifted
000047a1   writemsg
000068b0   xdc_runtime_Assert_E_assertFailed__C
00004d15   xdc_runtime_Assert_raise__I
000068b4   xdc_runtime_Core_A_initializedParams__C
000068b8   xdc_runtime_Core_Module__diagsEnabled__C
000068bc   xdc_runtime_Core_Module__diagsIncluded__C
000068c0   xdc_runtime_Core_Module__diagsMask__C
00006974   xdc_runtime_Core_Module__id__C
00005511   xdc_runtime_Core_assignLabel__I
00004d5d   xdc_runtime_Core_assignParams__I
00003089   xdc_runtime_Core_createObject__I
000046d5   xdc_runtime_Core_deleteObject__I
000068c4   xdc_runtime_Error_E_memory__C
000068c8   xdc_runtime_Error_Module__diagsEnabled__C
000068cc   xdc_runtime_Error_Module__diagsIncluded__C
000068d0   xdc_runtime_Error_Module__diagsMask__C
00006978   xdc_runtime_Error_Module__loggerDefined__C
000068d4   xdc_runtime_Error_Module__loggerFxn8__C
000068d8   xdc_runtime_Error_Module__loggerObj__C
200023a8   xdc_runtime_Error_Module__state__V
00005a3d   xdc_runtime_Error_check__E
00005a3d   xdc_runtime_Error_check__F
00005fe1   xdc_runtime_Error_getSite__E
00005fe1   xdc_runtime_Error_getSite__F
00005eb9   xdc_runtime_Error_init__E
00005eb9   xdc_runtime_Error_init__F
0000697c   xdc_runtime_Error_maxDepth__C
000069a8   xdc_runtime_Error_policy__C
000045fd   xdc_runtime_Error_print__E
000045fd   xdc_runtime_Error_print__F
000068dc   xdc_runtime_Error_raiseHook__C
00002979   xdc_runtime_Error_raiseX__E
00002979   xdc_runtime_Error_raiseX__F
200023ac   xdc_runtime_GateNull_Module__root__V
00005ec5   xdc_runtime_Gate_enterSystem__E
00005ec5   xdc_runtime_Gate_enterSystem__F
00005dcd   xdc_runtime_Gate_leaveSystem__E
00005dcd   xdc_runtime_Gate_leaveSystem__F
000068e0   xdc_runtime_HeapMin_A_zeroSize__C
000068e4   xdc_runtime_HeapMin_E_freeError__C
00005bb5   xdc_runtime_HeapMin_Handle__label__S
20001d98   xdc_runtime_HeapMin_Instance_State_0_buf__A
00004291   xdc_runtime_HeapMin_Instance_init__F
00006638   xdc_runtime_HeapMin_Module__FXNS__C
000068e8   xdc_runtime_HeapMin_Module__diagsEnabled__C
000068ec   xdc_runtime_HeapMin_Module__diagsIncluded__C
000068f0   xdc_runtime_HeapMin_Module__diagsMask__C
00006980   xdc_runtime_HeapMin_Module__id__C
200023b4   xdc_runtime_HeapMin_Module__root__V
000066e8   xdc_runtime_HeapMin_Object__DESC__C
00006708   xdc_runtime_HeapMin_Object__PARAMS__C
000053ed   xdc_runtime_HeapMin_Object__create__S
00005961   xdc_runtime_HeapMin_Object__delete__S
200023bc   xdc_runtime_HeapMin_Object__table__V
000051c1   xdc_runtime_HeapMin_alloc__E
000051c1   xdc_runtime_HeapMin_alloc__F
00006984   xdc_runtime_HeapMin_freeError__C
00005541   xdc_runtime_HeapMin_free__E
00005541   xdc_runtime_HeapMin_free__F
00005ed1   xdc_runtime_HeapMin_getStats__E
00005ed1   xdc_runtime_HeapMin_getStats__F
00005fe5   xdc_runtime_HeapMin_isBlocking__E
00005fe5   xdc_runtime_HeapMin_isBlocking__F
000068f4   xdc_runtime_IFilterLogger_Interface__BASE__C
000068f8   xdc_runtime_IGateProvider_Interface__BASE__C
000068fc   xdc_runtime_IHeap_Interface__BASE__C
00006900   xdc_runtime_ILogger_Interface__BASE__C
00006904   xdc_runtime_IModule_Interface__BASE__C
00006908   xdc_runtime_Log_L_error__C
0000690c   xdc_runtime_LoggerBuf_E_badLevel__C
00005bcd   xdc_runtime_LoggerBuf_Handle__label__S
20001c80   xdc_runtime_LoggerBuf_Instance_State_0_entryArr__A
00005c4d   xdc_runtime_LoggerBuf_Instance_finalize__F
000052e1   xdc_runtime_LoggerBuf_Instance_init__F
00005fe9   xdc_runtime_LoggerBuf_Module_GateProxy_enter__E
00005fed   xdc_runtime_LoggerBuf_Module_GateProxy_leave__E
00005fc9   xdc_runtime_LoggerBuf_Module_GateProxy_query__E
000065d0   xdc_runtime_LoggerBuf_Module__FXNS__C
00006910   xdc_runtime_LoggerBuf_Module__gateObj__C
00006988   xdc_runtime_LoggerBuf_Module__id__C
200023cc   xdc_runtime_LoggerBuf_Module__root__V
200023d4   xdc_runtime_LoggerBuf_Module__state__V
000057dd   xdc_runtime_LoggerBuf_Module_startup__E
000057dd   xdc_runtime_LoggerBuf_Module_startup__F
00006728   xdc_runtime_LoggerBuf_Object__DESC__C
00006684   xdc_runtime_LoggerBuf_Object__PARAMS__C
00006914   xdc_runtime_LoggerBuf_Object__count__C
000048c1   xdc_runtime_LoggerBuf_Object__create__S
00005981   xdc_runtime_LoggerBuf_Object__delete__S
00005c61   xdc_runtime_LoggerBuf_Object__get__S
20002778   xdc_runtime_LoggerBuf_Object__table__V
00002e4d   xdc_runtime_LoggerBuf_TimestampProxy_get64__E
00005f3f   xdc_runtime_LoggerBuf_disable__E
00005f3f   xdc_runtime_LoggerBuf_disable__F
00005f49   xdc_runtime_LoggerBuf_enable__E
00005f49   xdc_runtime_LoggerBuf_enable__F
0000698c   xdc_runtime_LoggerBuf_filterByLevel__C
00004f81   xdc_runtime_LoggerBuf_filterOutEvent__I
00004669   xdc_runtime_LoggerBuf_getFilterLevel__E
00004669   xdc_runtime_LoggerBuf_getFilterLevel__F
000059a1   xdc_runtime_LoggerBuf_reset__E
000059a1   xdc_runtime_LoggerBuf_reset__F
00004429   xdc_runtime_LoggerBuf_setFilterLevel__E
00004429   xdc_runtime_LoggerBuf_setFilterLevel__F
00006918   xdc_runtime_LoggerBuf_statusLogger__C
00005ddd   xdc_runtime_LoggerBuf_write0__E
00005ddd   xdc_runtime_LoggerBuf_write0__F
00005d09   xdc_runtime_LoggerBuf_write1__E
00005d09   xdc_runtime_LoggerBuf_write1__F
00005c75   xdc_runtime_LoggerBuf_write2__E
00005c75   xdc_runtime_LoggerBuf_write2__F
000038e1   xdc_runtime_LoggerBuf_write4__E
000038e1   xdc_runtime_LoggerBuf_write4__F
00002d21   xdc_runtime_LoggerBuf_write8__E
00002d21   xdc_runtime_LoggerBuf_write8__F
00005fc9   xdc_runtime_Main_Module_GateProxy_query__E
00005ff1   xdc_runtime_Memory_HeapProxy_alloc__E
00005ff5   xdc_runtime_Memory_HeapProxy_free__E
00006990   xdc_runtime_Memory_Module__id__C
200023dc   xdc_runtime_Memory_Module__state__V
00004521   xdc_runtime_Memory_alloc__E
00004521   xdc_runtime_Memory_alloc__F
00005edd   xdc_runtime_Memory_calloc__E
00005edd   xdc_runtime_Memory_calloc__F
0000691c   xdc_runtime_Memory_defaultHeapInstance__C
00005ded   xdc_runtime_Memory_free__E
00005ded   xdc_runtime_Memory_free__F
00005ee9   xdc_runtime_Memory_getMaxDefaultTypeAlign__E
00005ee9   xdc_runtime_Memory_getMaxDefaultTypeAlign__F
00005a59   xdc_runtime_Memory_valloc__E
00005a59   xdc_runtime_Memory_valloc__F
200023e0   xdc_runtime_Registry_Module__state__V
000059c1   xdc_runtime_Registry_findById__E
000059c1   xdc_runtime_Registry_findById__F
200023e8   xdc_runtime_Startup_Module__state__V
00000001   xdc_runtime_Startup__EXECFXN__C
00000001   xdc_runtime_Startup__RESETFXN__C
00006920   xdc_runtime_Startup_execImpl__C
00004b9d   xdc_runtime_Startup_exec__E
00004b9d   xdc_runtime_Startup_exec__F
00005d1b   xdc_runtime_Startup_exec__I
000067a4   xdc_runtime_Startup_firstFxns__A
000067e0   xdc_runtime_Startup_firstFxns__C
000067e8   xdc_runtime_Startup_lastFxns__A
000067f0   xdc_runtime_Startup_lastFxns__C
00006924   xdc_runtime_Startup_maxPasses__C
00005687   xdc_runtime_Startup_reset__I
00006778   xdc_runtime_Startup_sfxnRts__A
00006928   xdc_runtime_Startup_sfxnRts__C
0000660c   xdc_runtime_Startup_sfxnTab__A
0000692c   xdc_runtime_Startup_sfxnTab__C
00003289   xdc_runtime_Startup_startMods__I
20001d00   xdc_runtime_SysMin_Module_State_0_outbuf__A
200023f0   xdc_runtime_SysMin_Module__state__V
000059e1   xdc_runtime_SysMin_Module_startup__E
000059e1   xdc_runtime_SysMin_Module_startup__F
00005571   xdc_runtime_SysMin_abort__E
00005571   xdc_runtime_SysMin_abort__F
00006930   xdc_runtime_SysMin_bufSize__C
00005a75   xdc_runtime_SysMin_exit__E
00005a75   xdc_runtime_SysMin_exit__F
00006994   xdc_runtime_SysMin_flushAtExit__C
00004fc5   xdc_runtime_SysMin_flush__E
00004fc5   xdc_runtime_SysMin_flush__F
00006934   xdc_runtime_SysMin_outputFunc__C
000058bd   xdc_runtime_SysMin_output__I
00005319   xdc_runtime_SysMin_putch__E
00005319   xdc_runtime_SysMin_putch__F
00005dfd   xdc_runtime_SysMin_ready__E
00005dfd   xdc_runtime_SysMin_ready__F
00005ff9   xdc_runtime_System_Module_GateProxy_enter__E
00005ffd   xdc_runtime_System_Module_GateProxy_leave__E
00005fc9   xdc_runtime_System_Module_GateProxy_query__E
200023fc   xdc_runtime_System_Module_State_0_atexitHandlers__A
00006938   xdc_runtime_System_Module__gateObj__C
2000240c   xdc_runtime_System_Module__state__V
00005fb3   xdc_runtime_System_Module_startup__E
00005fb3   xdc_runtime_System_Module_startup__F
00005571   xdc_runtime_System_SupportProxy_abort__E
00005a75   xdc_runtime_System_SupportProxy_exit__E
00004fc5   xdc_runtime_System_SupportProxy_flush__E
00005319   xdc_runtime_System_SupportProxy_putch__E
00005dfd   xdc_runtime_System_SupportProxy_ready__E
00005c89   xdc_runtime_System_abort__E
00005c89   xdc_runtime_System_abort__F
00005a91   xdc_runtime_System_aprintf__E
00006001   xdc_runtime_System_aprintf_va__F
00005109   xdc_runtime_System_atexit__E
00005109   xdc_runtime_System_atexit__F
00005805   xdc_runtime_System_avprintf__F
000010d5   xdc_runtime_System_doPrint__I
00005ef5   xdc_runtime_System_exit__E
00005ef5   xdc_runtime_System_exit__F
[...]
000055d1   GPIODirModeSet
000055ff   malloc
0000562d   ti_sysbios_knl_Task_sleepTimeout__I
0000565b   ti_sysbios_hal_Hwi_initStack
00005687   xdc_runtime_Startup_reset__I
00005689   ti_sysbios_knl_Clock_doTick__I
000056b5   ti_sysbios_knl_Task_restore__E
000056e1   xdc_runtime_System_rtsExit__I
0000570d   xdc_runtime_Text_cordText__E
0000570d   xdc_runtime_Text_cordText__F
00005739   xdc_runtime_System_putchar__I
00005765   TimerConfigure
0000578d   ti_sysbios_family_arm_m3_Hwi_initStacks__E
000057b5   ti_sysbios_knl_Clock_addI__E
000057dd   xdc_runtime_LoggerBuf_Module_startup__E
000057dd   xdc_runtime_LoggerBuf_Module_startup__F
00005805   xdc_runtime_System_avprintf__F
0000582d   ti_sysbios_knl_Clock_Module_startup__E
0000582d   ti_sysbios_knl_Clock_Module_startup__F
00005851   ti_sysbios_knl_Swi_Module_startup__E
00005851   ti_sysbios_knl_Swi_Module_startup__F
00005875   ti_sysbios_knl_Task_restoreHwi__E
00005899   xdc_runtime_System_vprintf__F
000058bd   xdc_runtime_SysMin_output__I
000058e1   ti_sysbios_BIOS_removeRTSLock__I
00005901   ti_sysbios_BIOS_startFunc__I
00005921   ti_sysbios_gates_GateHwi_Object__delete__S
00005941   ti_sysbios_knl_Task_enter__I
00005961   xdc_runtime_HeapMin_Object__delete__S
00005981   xdc_runtime_LoggerBuf_Object__delete__S
000059a1   LoggerBuf_instanceStartup
000059a1   xdc_runtime_LoggerBuf_reset__E
000059a1   xdc_runtime_LoggerBuf_reset__F
000059c1   xdc_runtime_Registry_findById__E
000059c1   xdc_runtime_Registry_findById__F
000059e1   xdc_runtime_SysMin_Module_startup__E
000059e1   xdc_runtime_SysMin_Module_startup__F
00005a01   ti_sysbios_family_arm_lm4_Timer_write__I
00005a1f   ti_sysbios_knl_Queue_put__E
00005a3d   xdc_runtime_Error_check__E
00005a3d   xdc_runtime_Error_check__F
00005a59   xdc_runtime_Memory_valloc__E
00005a59   xdc_runtime_Memory_valloc__F
00005a75   xdc_runtime_SysMin_exit__E
00005a75   xdc_runtime_SysMin_exit__F
00005a75   xdc_runtime_System_SupportProxy_exit__E
00005a91   xdc_runtime_System_aprintf__E
00005aab   xdc_runtime_System_printf__E
00005ac5   ti_sysbios_family_arm_m3_TaskSupport_swap__E
00005ac5   ti_sysbios_knl_Task_SupportProxy_swap__E
00005ad1   ti_sysbios_knl_Task_swapReturn
00005add   free
00005af5   _args_main
00005b0d   ti_sysbios_family_arm_lm4_Timer_Module__startupDone__F
00005b0d   ti_sysbios_family_arm_lm4_Timer_Module__startupDone__S
00005b25   ti_sysbios_family_arm_m3_Hwi_Handle__label__S
00005b3d   ti_sysbios_family_arm_m3_Hwi_Module__startupDone__F
00005b3d   ti_sysbios_family_arm_m3_Hwi_Module__startupDone__S
00005b55   ti_sysbios_gates_GateHwi_Handle__label__S
00005b6d   ti_sysbios_hal_Timer_Module__startupDone__F
00005b6d   ti_sysbios_hal_Timer_Module__startupDone__S
00005b85   ti_sysbios_knl_Swi_Handle__label__S
00005b9d   ti_sysbios_knl_Task_Handle__label__S
00005bb5   xdc_runtime_HeapMin_Handle__label__S
00005bcd   xdc_runtime_LoggerBuf_Handle__label__S
00005be5   xdc_runtime_Text_ropeText__E
00005be5   xdc_runtime_Text_ropeText__F
00005bfd   _register_unlock
00005c03   _register_lock
00005c0b   _nop
00005c11   strlen
00005c25   ti_sysbios_family_arm_m3_Hwi_switchFromBootStack__E
00005c25   ti_sysbios_hal_Hwi_HwiProxy_switchFromBootStack__E
00005c25   ti_sysbios_hal_Hwi_switchFromBootStack__E
00005c39   ti_sysbios_knl_Swi_Object__get__S
00005c4d   xdc_runtime_LoggerBuf_Instance_finalize__F
00005c61   xdc_runtime_LoggerBuf_Object__get__S
00005c75   xdc_runtime_LoggerBuf_write2__E
00005c75   xdc_runtime_LoggerBuf_write2__F
00005c89   xdc_runtime_System_abort__E
00005c89   xdc_runtime_System_abort__F
00005c9d   GPIOPinTypeGPIOOutput
00005caf   GPIOPinTypeSSI
00005cc1   TimerLoadSet
00005cd3   __TI_zero_init
00005ce5   ti_sysbios_hal_Hwi_Module_startup__E
00005ce5   ti_sysbios_hal_Hwi_Module_startup__F
00005cf7   ti_sysbios_hal_Timer_Module_startup__E
00005cf7   ti_sysbios_hal_Timer_Module_startup__F
00005d09   xdc_runtime_LoggerBuf_write1__E
00005d09   xdc_runtime_LoggerBuf_write1__F
00005d1b   xdc_runtime_Startup_exec__I
00005d2d   ti_sysbios_family_arm_m3_TaskSupport_glue
00005d3d   ti_sysbios_family_xxx_Hwi_switchToIsrStack
00005d4d   strcpy
00005d5d   ti_sysbios_BIOS_setThreadType__E
00005d6d   ti_sysbios_BIOS_start__E
00005d7d   ti_sysbios_family_arm_lm4_TimestampProvider_rolloverFunc__E
00005d8d   ti_sysbios_family_arm_m3_Hwi_excHandler__I
00005d9d   ti_sysbios_knl_Swi_disable__E
00005dad   ti_sysbios_knl_Task_Object__get__S
00005dbd   ti_sysbios_knl_Task_disable__E
00005dcd   xdc_runtime_Gate_leaveSystem__E
00005dcd   xdc_runtime_Gate_leaveSystem__F
00005ddd   xdc_runtime_LoggerBuf_write0__E
00005ddd   xdc_runtime_LoggerBuf_write0__F
00005ded   xdc_runtime_Memory_free__E
00005ded   xdc_runtime_Memory_free__F
00005dfd   xdc_runtime_SysMin_ready__E
00005dfd   xdc_runtime_SysMin_ready__F
00005dfd   xdc_runtime_System_SupportProxy_ready__E
00005e0d   xdc_runtime_System_vsnprintf__F
00005e1d   GPIOPinIntDisable
00005e2b   TimerEnable
00005e39   __TI_decompress_none
00005e47   ti_sysbios_family_arm_m3_TaskSupport_checkStack__E
00005e47   ti_sysbios_knl_Task_SupportProxy_checkStack__E
00005e55   ti_sysbios_knl_Queue_empty__E
00005e65   ti_catalog_arm_cortexm4_tiva_ce_Boot_init__I
00005e71   GPIOPinIntEnable
00005e7d   ti_sysbios_family_xxx_Hwi_switchToTaskStack
00005e89   ti_sysbios_family_arm_lm4_Timer_masterDisable__I
00005e95   ti_sysbios_family_arm_lm4_TimestampProvider_startTimer__E
00005ea1   ti_sysbios_gates_GateHwi_enter__E
00005ead   ti_sysbios_knl_Queue_Object__get__S
00005eb9   xdc_runtime_Error_init__E
00005eb9   xdc_runtime_Error_init__F
00005ec5   xdc_runtime_Gate_enterSystem__E
00005ec5   xdc_runtime_Gate_enterSystem__F
00005ed1   xdc_runtime_HeapMin_getStats__E
00005ed1   xdc_runtime_HeapMin_getStats__F
00005edd   xdc_runtime_Memory_calloc__E
00005edd   xdc_runtime_Memory_calloc__F
00005ee9   xdc_runtime_Memory_getMaxDefaultTypeAlign__E
00005ee9   xdc_runtime_Memory_getMaxDefaultTypeAlign__F
00005ef5   xdc_runtime_System_exit__E
00005ef5   xdc_runtime_System_exit__F
00005f01   xdc_runtime_System_lastFxn__I
00005f0d   GPIOPinWrite
00005f17   SSIDataPut
00005f21   SSIEnable
00005f3f   xdc_runtime_LoggerBuf_disable__E
00005f3f   xdc_runtime_LoggerBuf_disable__F
00005f49   xdc_runtime_LoggerBuf_enable__E
00005f49   xdc_runtime_LoggerBuf_enable__F
00005f53   SSIBusy
00005f5b   TimerIntEnable
00005f63   ti_sysbios_family_arm_m3_Hwi_doSwiRestore__I
00005f6b   ti_sysbios_family_arm_m3_Hwi_startup__E
00005f6b   ti_sysbios_hal_Hwi_HwiProxy_startup__E
00005f6b   ti_sysbios_hal_Hwi_startup__E
00005f73   ti_sysbios_knl_Idle_loop__E
00005f7b   xdc_runtime_Text_visitRope__I
00005f83   GPIOPinIntClear
00005f89   __xdc__init
00005f8f   __TI_decompress_rle24
00005f95   ti_catalog_arm_cortexm4_tiva_ce_Boot_sysCtlDelayI__I
00005f9b   ti_sysbios_family_arm_lm4_TimestampProvider_Module_startup__E
00005f9b   ti_sysbios_family_arm_lm4_TimestampProvider_Module_startup__F
00005fa1   ti_sysbios_family_arm_m3_Hwi_doTaskRestore__I
00005fa7   ti_sysbios_gates_GateHwi_leave__E
00005fad   ti_sysbios_knl_Swi_startup__E
00005fb3   xdc_runtime_System_Module_startup__E
00005fb3   xdc_runtime_System_Module_startup__F
00005fb9   TimerIntClear
00005fbd   ti_sysbios_family_arm_lm4_Timer_getPeriod__E
00005fc1   ti_sysbios_family_arm_lm4_Timer_masterEnable__I
00005fc5   ti_sysbios_family_arm_m3_TaskSupport_Module__startupDone__S
00005fc9   ti_sysbios_gates_GateHwi_query__E
00005fc9   ti_sysbios_gates_GateHwi_query__F
00005fc9   xdc_runtime_LoggerBuf_Module_GateProxy_query__E
00005fc9   xdc_runtime_Main_Module_GateProxy_query__E
00005fc9   xdc_runtime_System_Module_GateProxy_query__E
00005fcd   ti_sysbios_hal_Hwi_HwiProxy_Module__startupDone__S
00005fd1   ti_sysbios_hal_Timer_TimerProxy_Module__startupDone__S
00005fd5   ti_sysbios_hal_Timer_TimerProxy_getPeriod__E
00005fd9   ti_sysbios_knl_Task_SupportProxy_Module__startupDone__S
00005fdd   ti_sysbios_knl_Task_startup__E
00005fe1   xdc_runtime_Error_getSite__E
00005fe1   xdc_runtime_Error_getSite__F
00005fe5   xdc_runtime_HeapMin_isBlocking__E
00005fe5   xdc_runtime_HeapMin_isBlocking__F
00005fe9   xdc_runtime_LoggerBuf_Module_GateProxy_enter__E
00005fed   xdc_runtime_LoggerBuf_Module_GateProxy_leave__E
00005ff1   xdc_runtime_Memory_HeapProxy_alloc__E
00005ff5   xdc_runtime_Memory_HeapProxy_free__E
00005ff9   xdc_runtime_System_Module_GateProxy_enter__E
00005ffd   xdc_runtime_System_Module_GateProxy_leave__E
00006001   xdc_runtime_System_aprintf_va__F
00006005   xdc_runtime_System_printf_va__F
00006009   xdc_runtime_System_vsnprintf__E
0000600c   MyFont
000061c4   ti_sysbios_family_arm_m3_Hwi_priorities__A
0000629c   shifted
00006348   unshifted
000065d0   xdc_runtime_LoggerBuf_Module__FXNS__C
0000660c   xdc_runtime_Startup_sfxnTab__A
00006638   xdc_runtime_HeapMin_Module__FXNS__C
00006660   ti_sysbios_gates_GateHwi_Module__FXNS__C
00006684   xdc_runtime_LoggerBuf_Object__PARAMS__C
000066a8   hwi0
000066ac   UI
000066b0   ButTask
000066b4   Clock
000066b8   KeySem
000066bc   hwi2
000066c0   KeyboardTask
000066c4   DataSem
000066c8   ti_sysbios_gates_GateHwi_Object__DESC__C
000066e8   xdc_runtime_HeapMin_Object__DESC__C
00006708   xdc_runtime_HeapMin_Object__PARAMS__C
00006728   xdc_runtime_LoggerBuf_Object__DESC__C
00006748   ti_sysbios_gates_GateHwi_Object__PARAMS__C
00006760   ti_sysbios_knl_Task_hooks__A
00006778   xdc_runtime_Startup_sfxnRts__A
000067a4   xdc_runtime_Startup_firstFxns__A
000067c0   ti_sysbios_family_arm_m3_Hwi_excHookFuncs__A
000067c8   ti_sysbios_knl_Idle_coreList__C
000067d0   ti_sysbios_knl_Idle_funcList__C
000067d8   ti_sysbios_knl_Task_hooks__C
000067e0   xdc_runtime_Startup_firstFxns__C
000067e8   xdc_runtime_Startup_lastFxns__A
000067f0   xdc_runtime_Startup_lastFxns__C
000067f8   ti_catalog_arm_cortexm4_tiva_ce_Boot_A_mustUseEnhancedClockMode__C
000067fc   ti_catalog_arm_cortexm4_tiva_ce_Boot_Module__diagsEnabled__C
00006800   ti_catalog_arm_cortexm4_tiva_ce_Boot_Module__diagsIncluded__C
00006804   ti_catalog_arm_cortexm4_tiva_ce_Boot_Module__diagsMask__C
00006808   ti_sysbios_BIOS_installedErrorHook__C
0000680c   ti_sysbios_family_arm_lm4_Timer_numTimerDevices__C
00006810   ti_sysbios_family_arm_lm4_Timer_startupNeeded__C
00006814   ti_sysbios_family_arm_m3_Hwi_E_NMI__C
00006818   ti_sysbios_family_arm_m3_Hwi_E_busFault__C
0000681c   ti_sysbios_family_arm_m3_Hwi_E_debugMon__C
00006820   ti_sysbios_family_arm_m3_Hwi_E_hardFault__C
00006824   ti_sysbios_family_arm_m3_Hwi_E_memFault__C
00006828   ti_sysbios_family_arm_m3_Hwi_E_noIsr__C
0000682c   ti_sysbios_family_arm_m3_Hwi_E_reserved__C
00006830   ti_sysbios_family_arm_m3_Hwi_E_svCall__C
00006834   ti_sysbios_family_arm_m3_Hwi_E_usageFault__C
00006838   ti_sysbios_family_arm_m3_Hwi_NUM_INTERRUPTS__C
0000683c   ti_sysbios_family_arm_m3_Hwi_ccr__C
00006840   ti_sysbios_family_arm_m3_Hwi_dispatchTable__C
00006844   ti_sysbios_family_arm_m3_Hwi_excHandlerFunc__C
00006848   ti_sysbios_family_arm_m3_Hwi_excHookFuncs__C
0000684c   ti_sysbios_family_arm_m3_Hwi_priGroup__C
00006850   ti_sysbios_family_arm_m3_Hwi_priorities__C
00006854   ti_sysbios_hal_Hwi_E_stackOverflow__C
00006858   ti_sysbios_knl_Clock_Module_State_clockQ__O
0000685c   ti_sysbios_knl_Idle_coreList__A
00006860   ti_sysbios_knl_Idle_funcList__A
00006864   ti_sysbios_knl_Semaphore_A_badContext__C
00006868   ti_sysbios_knl_Semaphore_A_overflow__C
0000686c   ti_sysbios_knl_Semaphore_A_pendTaskDisabled__C
00006870   ti_sysbios_knl_Semaphore_Instance_State_pendQ__O
00006874   ti_sysbios_knl_Semaphore_Module__diagsEnabled__C
00006878   ti_sysbios_knl_Semaphore_Module__diagsIncluded__C
0000687c   ti_sysbios_knl_Semaphore_Module__diagsMask__C
00006880   ti_sysbios_knl_Swi_Object__count__C
00006884   ti_sysbios_knl_Task_A_badTimeout__C
00006888   ti_sysbios_knl_Task_A_sleepTaskDisabled__C
0000688c   ti_sysbios_knl_Task_E_spOutOfBounds__C
00006890   ti_sysbios_knl_Task_E_stackOverflow__C
00006894   ti_sysbios_knl_Task_Module_State_inactiveQ__O
00006898   ti_sysbios_knl_Task_Module__diagsEnabled__C
0000689c   ti_sysbios_knl_Task_Module__diagsIncluded__C
000068a0   ti_sysbios_knl_Task_Module__diagsMask__C
000068a4   ti_sysbios_knl_Task_Object__count__C
000068a8   ti_sysbios_knl_Task_allBlockedFunc__C
000068ac   ti_sysbios_knl_Task_numConstructedTasks__C
000068b0   xdc_runtime_Assert_E_assertFailed__C
000068b4   xdc_runtime_Core_A_initializedParams__C
000068b8   xdc_runtime_Core_Module__diagsEnabled__C
000068bc   xdc_runtime_Core_Module__diagsIncluded__C
000068c0   xdc_runtime_Core_Module__diagsMask__C
000068c4   xdc_runtime_Error_E_memory__C
000068c8   xdc_runtime_Error_Module__diagsEnabled__C
000068cc   xdc_runtime_Error_Module__diagsIncluded__C
000068d0   xdc_runtime_Error_Module__diagsMask__C
000068d4   xdc_runtime_Error_Module__loggerFxn8__C
000068d8   xdc_runtime_Error_Module__loggerObj__C
000068dc   xdc_runtime_Error_raiseHook__C
000068e0   xdc_runtime_HeapMin_A_zeroSize__C
000068e4   xdc_runtime_HeapMin_E_freeError__C
000068e8   xdc_runtime_HeapMin_Module__diagsEnabled__C
000068ec   xdc_runtime_HeapMin_Module__diagsIncluded__C
000068f0   xdc_runtime_HeapMin_Module__diagsMask__C
000068f4   xdc_runtime_IFilterLogger_Interface__BASE__C
000068f8   xdc_runtime_IGateProvider_Interface__BASE__C
000068fc   xdc_runtime_IHeap_Interface__BASE__C
00006900   xdc_runtime_ILogger_Interface__BASE__C
00006904   xdc_runtime_IModule_Interface__BASE__C
00006908   xdc_runtime_Log_L_error__C
0000690c   xdc_runtime_LoggerBuf_E_badLevel__C
00006910   xdc_runtime_LoggerBuf_Module__gateObj__C
00006914   xdc_runtime_LoggerBuf_Object__count__C
00006918   xdc_runtime_LoggerBuf_statusLogger__C
0000691c   xdc_runtime_Memory_defaultHeapInstance__C
00006920   xdc_runtime_Startup_execImpl__C
00006924   xdc_runtime_Startup_maxPasses__C
00006928   xdc_runtime_Startup_sfxnRts__C
0000692c   xdc_runtime_Startup_sfxnTab__C
00006930   xdc_runtime_SysMin_bufSize__C
00006934   xdc_runtime_SysMin_outputFunc__C
00006938   xdc_runtime_System_Module__gateObj__C
0000693c   xdc_runtime_System_extendFxn__C
00006940   xdc_runtime_System_maxAtexitHandlers__C
00006944   xdc_runtime_Text_charTab__C
00006948   xdc_runtime_Text_nameEmpty__C
0000694c   xdc_runtime_Text_nameStatic__C
00006950   xdc_runtime_Text_nameUnknown__C
00006954   xdc_runtime_Text_visitRopeFxn__C
00006958   ti_catalog_arm_cortexm4_tiva_ce_Boot_Module__id__C
0000695c   ti_sysbios_family_arm_lm4_TimestampProvider_useClockTimer__C
00006960   ti_sysbios_family_arm_m3_Hwi_Module__id__C
00006964   ti_sysbios_hal_Hwi_Module__id__C
00006968   ti_sysbios_knl_Semaphore_Module__id__C
0000696c   ti_sysbios_knl_Task_Module__id__C
00006970   ti_sysbios_knl_Task_initStackFlag__C
00006974   xdc_runtime_Core_Module__id__C
00006978   xdc_runtime_Error_Module__loggerDefined__C
0000697c   xdc_runtime_Error_maxDepth__C
00006980   xdc_runtime_HeapMin_Module__id__C
00006984   xdc_runtime_HeapMin_freeError__C
00006988   xdc_runtime_LoggerBuf_Module__id__C
0000698c   xdc_runtime_LoggerBuf_filterByLevel__C
00006990   xdc_runtime_Memory_Module__id__C
00006994   xdc_runtime_SysMin_flushAtExit__C
00006998   xdc_runtime_Text_charCnt__C
0000699c   xdc_runtime_Text_isLoaded__C
000069a0   xdc_runtime_Text_registryModsLastId__C
000069a4   xdc_runtime_Text_unnamedModsLastId__C
000069a8   xdc_runtime_Error_policy__C
00006e60   __TI_Handler_Table_Base
00006e6c   __TI_Handler_Table_Limit
00006e80   __TI_CINIT_Base
00006e98   __TI_CINIT_Limit
20000000   ti_sysbios_family_arm_m3_Hwi_ramVectors
20000360   ti_sysbios_knl_Task_Instance_State_0_stack__A
20000760   ti_sysbios_knl_Task_Instance_State_1_stack__A
20000b60   ti_sysbios_knl_Task_Instance_State_2_stack__A
20000f60   ti_sysbios_knl_Task_Instance_State_3_stack__A
20001360   ti_sysbios_knl_Task_Instance_State_4_stack__A
20001760   glcd_buffer
20001b60   __CIOBUF_
20001c80   xdc_runtime_LoggerBuf_Instance_State_0_entryArr__A
20001d00   xdc_runtime_SysMin_Module_State_0_outbuf__A
20001d80   ti_sysbios_knl_Task_Instance_State_0_hookEnv__A
20001d84   ti_sysbios_knl_Task_Instance_State_1_hookEnv__A
20001d88   ti_sysbios_knl_Task_Instance_State_2_hookEnv__A
20001d8c   ti_sysbios_knl_Task_Instance_State_3_hookEnv__A
20001d90   ti_sysbios_knl_Task_Instance_State_4_hookEnv__A
20001d98   xdc_runtime_HeapMin_Instance_State_0_buf__A
20001db8   time_string
20001dc4   temp_count_string
20001dc8   KeyBuf
20001dcc   KeyIn
20001dcd   KeyOut
20001dce   KeyRead
20001dd7   glcd_dirty_pages
20001dd8   ti_sysbios_family_arm_m3_Hwi_Module_State_0_dispatchTable__A
20002138   ti_sysbios_knl_Task_Object__table__V
20002268   TSK_idle
200022b4   ti_sysbios_BIOS_Module__state__V
200022d4   ti_sysbios_family_arm_lm4_Timer_Module__root__V
200022dc   ti_sysbios_family_arm_lm4_Timer_Module_State_0_handles__A
200022f4   ti_sysbios_family_arm_lm4_Timer_Module__state__V
20002300   ti_sysbios_family_arm_lm4_TimestampProvider_Module__state__V
20002308   ti_sysbios_family_arm_m3_Hwi_Module__root__V
20002310   ti_sysbios_family_arm_m3_Hwi_Module_State_0_excActive__A
20002314   ti_sysbios_family_arm_m3_Hwi_Module_State_0_excContext__A
20002318   ti_sysbios_family_arm_m3_Hwi_Module_State_0_excStack__A
2000231c   ti_sysbios_gates_GateHwi_Module__root__V
20002324   ti_sysbios_gates_GateHwi_Object__table__V
20002328   ti_sysbios_gates_GateMutexPri_Module__root__V
20002330   ti_sysbios_hal_Hwi_Module__root__V
20002338   ti_sysbios_hal_Hwi_Object__table__V
20002350   ti_sysbios_hal_Timer_Module__root__V
20002358   ti_sysbios_hal_Timer_Object__table__V
20002360   ti_sysbios_knl_Clock_Module__root__V
20002368   ti_sysbios_knl_Queue_Module__root__V
20002370   ti_sysbios_knl_Semaphore_Module__root__V
20002378   ti_sysbios_knl_Swi_Module__root__V
20002380   ti_sysbios_knl_Swi_Module__state__V
2000239c   ti_sysbios_knl_Task_Module__root__V
200023a4   ti_sysbios_knl_Task_Module_State_0_idleTask__A
200023a8   xdc_runtime_Error_Module__state__V
200023ac   xdc_runtime_GateNull_Module__root__V
200023b4   xdc_runtime_HeapMin_Module__root__V
200023bc   xdc_runtime_HeapMin_Object__table__V
200023cc   xdc_runtime_LoggerBuf_Module__root__V
200023d4   xdc_runtime_LoggerBuf_Module__state__V
200023dc   xdc_runtime_Memory_Module__state__V
200023e0   xdc_runtime_Registry_Module__state__V
200023e8   xdc_runtime_Startup_Module__state__V
200023f0   xdc_runtime_SysMin_Module__state__V
200023fc   xdc_runtime_System_Module_State_0_atexitHandlers__A
2000240c   xdc_runtime_System_Module__state__V
20002418   xdc_runtime_Text_Module__state__V
20002420   __xdc__init__addr
20002424   ti_sysbios_knl_Swi_Module_State_0_readyQ__A
200024a4   ti_sysbios_knl_Task_Module_State_0_readyQ__A
20002524   ti_sysbios_family_arm_m3_Hwi_Object__table__V
2000259c   ti_sysbios_family_arm_lm4_Timer_Object__table__V
2000260c   ti_sysbios_family_arm_m3_Hwi_Module__state__V
20002660   ti_sysbios_knl_Task_Module__state__V
200026a4   ti_sysbios_family_arm_lm4_Timer_Module_State_0_device__A
200026d4   ti_sysbios_knl_Swi_Object__table__V
20002704   ti_sysbios_knl_Clock_Module__state__V
2000272c   ti_sysbios_knl_Semaphore_Object__table__V
20002754   glcd_flipped
20002758   pagemap
20002778   xdc_runtime_LoggerBuf_Object__table__V
2000279c   temp_count
200027a0   Data
200027a4   KeyBuffer
200027a8   _lock
200027ac   _unlock
200027b0   _cleanup_ptr
200027b4   _dtors_ptr
200027b8   TimeOfDay
200027c4   main_func_sp
200027cc   StateInfo
200027ce   LastState
200027d0   __stack
200029d0   __STACK_TOP
20002bd0   __STACK_END
e000e000   ti_sysbios_family_arm_m3_Hwi_nvic
ffffffff   __binit__
ffffffff   __c_args__
ffffffff   binit
UNDEFED    SHT$$INIT_ARRAY$$Base
UNDEFED    SHT$$INIT_ARRAY$$Limit

[648 symbols]
